Archive member included to satisfy reference by file (symbol)

C:/ST/STM32CubeIDE_1.18.1/STM32CubeIDE/plugins/com.st.stm32cube.ide.mcu.externaltools.gnu-tools-for-stm32.13.3.rel1.win32_1.0.0.202411081344/tools/bin/../lib/gcc/arm-none-eabi/13.3.1/../../../../arm-none-eabi/lib/thumb/v7-m/nofp\libc_nano.a(libc_a-exit.o)
                              C:/ST/STM32CubeIDE_1.18.1/STM32CubeIDE/plugins/com.st.stm32cube.ide.mcu.externaltools.gnu-tools-for-stm32.13.3.rel1.win32_1.0.0.202411081344/tools/bin/../lib/gcc/arm-none-eabi/13.3.1/../../../../arm-none-eabi/lib/thumb/v7-m/nofp/crt0.o (exit)
C:/ST/STM32CubeIDE_1.18.1/STM32CubeIDE/plugins/com.st.stm32cube.ide.mcu.externaltools.gnu-tools-for-stm32.13.3.rel1.win32_1.0.0.202411081344/tools/bin/../lib/gcc/arm-none-eabi/13.3.1/../../../../arm-none-eabi/lib/thumb/v7-m/nofp\libc_nano.a(libc_a-findfp.o)
                              C:/ST/STM32CubeIDE_1.18.1/STM32CubeIDE/plugins/com.st.stm32cube.ide.mcu.externaltools.gnu-tools-for-stm32.13.3.rel1.win32_1.0.0.202411081344/tools/bin/../lib/gcc/arm-none-eabi/13.3.1/../../../../arm-none-eabi/lib/thumb/v7-m/nofp\libc_nano.a(libc_a-exit.o) (__stdio_exit_handler)
C:/ST/STM32CubeIDE_1.18.1/STM32CubeIDE/plugins/com.st.stm32cube.ide.mcu.externaltools.gnu-tools-for-stm32.13.3.rel1.win32_1.0.0.202411081344/tools/bin/../lib/gcc/arm-none-eabi/13.3.1/../../../../arm-none-eabi/lib/thumb/v7-m/nofp\libc_nano.a(libc_a-fwalk.o)
                              C:/ST/STM32CubeIDE_1.18.1/STM32CubeIDE/plugins/com.st.stm32cube.ide.mcu.externaltools.gnu-tools-for-stm32.13.3.rel1.win32_1.0.0.202411081344/tools/bin/../lib/gcc/arm-none-eabi/13.3.1/../../../../arm-none-eabi/lib/thumb/v7-m/nofp\libc_nano.a(libc_a-findfp.o) (_fwalk_sglue)
C:/ST/STM32CubeIDE_1.18.1/STM32CubeIDE/plugins/com.st.stm32cube.ide.mcu.externaltools.gnu-tools-for-stm32.13.3.rel1.win32_1.0.0.202411081344/tools/bin/../lib/gcc/arm-none-eabi/13.3.1/../../../../arm-none-eabi/lib/thumb/v7-m/nofp\libc_nano.a(libc_a-puts.o)
                              ./USB_DEVICE/App/usb_device.o (puts)
C:/ST/STM32CubeIDE_1.18.1/STM32CubeIDE/plugins/com.st.stm32cube.ide.mcu.externaltools.gnu-tools-for-stm32.13.3.rel1.win32_1.0.0.202411081344/tools/bin/../lib/gcc/arm-none-eabi/13.3.1/../../../../arm-none-eabi/lib/thumb/v7-m/nofp\libc_nano.a(libc_a-stdio.o)
                              C:/ST/STM32CubeIDE_1.18.1/STM32CubeIDE/plugins/com.st.stm32cube.ide.mcu.externaltools.gnu-tools-for-stm32.13.3.rel1.win32_1.0.0.202411081344/tools/bin/../lib/gcc/arm-none-eabi/13.3.1/../../../../arm-none-eabi/lib/thumb/v7-m/nofp\libc_nano.a(libc_a-findfp.o) (__sread)
C:/ST/STM32CubeIDE_1.18.1/STM32CubeIDE/plugins/com.st.stm32cube.ide.mcu.externaltools.gnu-tools-for-stm32.13.3.rel1.win32_1.0.0.202411081344/tools/bin/../lib/gcc/arm-none-eabi/13.3.1/../../../../arm-none-eabi/lib/thumb/v7-m/nofp\libc_nano.a(libc_a-wbuf.o)
                              C:/ST/STM32CubeIDE_1.18.1/STM32CubeIDE/plugins/com.st.stm32cube.ide.mcu.externaltools.gnu-tools-for-stm32.13.3.rel1.win32_1.0.0.202411081344/tools/bin/../lib/gcc/arm-none-eabi/13.3.1/../../../../arm-none-eabi/lib/thumb/v7-m/nofp\libc_nano.a(libc_a-puts.o) (__swbuf_r)
C:/ST/STM32CubeIDE_1.18.1/STM32CubeIDE/plugins/com.st.stm32cube.ide.mcu.externaltools.gnu-tools-for-stm32.13.3.rel1.win32_1.0.0.202411081344/tools/bin/../lib/gcc/arm-none-eabi/13.3.1/../../../../arm-none-eabi/lib/thumb/v7-m/nofp\libc_nano.a(libc_a-wsetup.o)
                              C:/ST/STM32CubeIDE_1.18.1/STM32CubeIDE/plugins/com.st.stm32cube.ide.mcu.externaltools.gnu-tools-for-stm32.13.3.rel1.win32_1.0.0.202411081344/tools/bin/../lib/gcc/arm-none-eabi/13.3.1/../../../../arm-none-eabi/lib/thumb/v7-m/nofp\libc_nano.a(libc_a-puts.o) (__swsetup_r)
C:/ST/STM32CubeIDE_1.18.1/STM32CubeIDE/plugins/com.st.stm32cube.ide.mcu.externaltools.gnu-tools-for-stm32.13.3.rel1.win32_1.0.0.202411081344/tools/bin/../lib/gcc/arm-none-eabi/13.3.1/../../../../arm-none-eabi/lib/thumb/v7-m/nofp\libc_nano.a(libc_a-memset.o)
                              C:/ST/STM32CubeIDE_1.18.1/STM32CubeIDE/plugins/com.st.stm32cube.ide.mcu.externaltools.gnu-tools-for-stm32.13.3.rel1.win32_1.0.0.202411081344/tools/bin/../lib/gcc/arm-none-eabi/13.3.1/../../../../arm-none-eabi/lib/thumb/v7-m/nofp/crt0.o (memset)
C:/ST/STM32CubeIDE_1.18.1/STM32CubeIDE/plugins/com.st.stm32cube.ide.mcu.externaltools.gnu-tools-for-stm32.13.3.rel1.win32_1.0.0.202411081344/tools/bin/../lib/gcc/arm-none-eabi/13.3.1/../../../../arm-none-eabi/lib/thumb/v7-m/nofp\libc_nano.a(libc_a-closer.o)
                              C:/ST/STM32CubeIDE_1.18.1/STM32CubeIDE/plugins/com.st.stm32cube.ide.mcu.externaltools.gnu-tools-for-stm32.13.3.rel1.win32_1.0.0.202411081344/tools/bin/../lib/gcc/arm-none-eabi/13.3.1/../../../../arm-none-eabi/lib/thumb/v7-m/nofp\libc_nano.a(libc_a-stdio.o) (_close_r)
[...]
Memory Configuration

Name             Origin             Length             Attributes
RAM              0x20000000         0x00005000         xrw
FLASH            0x08000000         0x00010000         xr
*default*        0x00000000         0xffffffff

Linker script and memory map

LOAD C:/ST/STM32CubeIDE_1.18.1/STM32CubeIDE/plugins/com.st.stm32cube.ide.mcu.externaltools.gnu-tools-for-stm32.13.3.rel1.win32_1.0.0.202411081344/tools/bin/../lib/gcc/arm-none-eabi/13.3.1/thumb/v7-m/nofp/crti.o
LOAD C:/ST/STM32CubeIDE_1.18.1/STM32CubeIDE/plugins/com.st.stm32cube.ide.mcu.externaltools.gnu-tools-for-stm32.13.3.rel1.win32_1.0.0.202411081344/tools/bin/../lib/gcc/arm-none-eabi/13.3.1/thumb/v7-m/nofp/crtbegin.o
LOAD C:/ST/STM32CubeIDE_1.18.1/STM32CubeIDE/plugins/com.st.stm32cube.ide.mcu.externaltools.gnu-tools-for-stm32.13.3.rel1.win32_1.0.0.202411081344/tools/bin/../lib/gcc/arm-none-eabi/13.3.1/../../../../arm-none-eabi/lib/thumb/v7-m/nofp/crt0.o
LOAD ./Core/Src/adc.o
LOAD ./Core/Src/main.o
LOAD ./Core/Src/stm32f1xx_hal_msp.o
LOAD ./Core/Src/stm32f1xx_it.o
LOAD ./Core/Src/syscalls.o
LOAD ./Core/Src/sysmem.o
LOAD ./Core/Src/system_stm32f1xx.o
LOAD ./Core/Startup/startup_stm32f103c8tx.o
LOAD ./Drivers/STM32F1xx_HAL_Driver/Src/stm32f1xx_hal.o
LOAD ./Drivers/STM32F1xx_HAL_Driver/Src/stm32f1xx_hal_adc.o
LOAD ./Drivers/STM32F1xx_HAL_Driver/Src/stm32f1xx_hal_adc_ex.o
LOAD ./Drivers/STM32F1xx_HAL_Driver/Src/stm32f1xx_hal_cortex.o
LOAD ./Drivers/STM32F1xx_HAL_Driver/Src/stm32f1xx_hal_dma.o
LOAD ./Drivers/STM32F1xx_HAL_Driver/Src/stm32f1xx_hal_exti.o
LOAD ./Drivers/STM32F1xx_HAL_Driver/Src/stm32f1xx_hal_flash.o
LOAD ./Drivers/STM32F1xx_HAL_Driver/Src/stm32f1xx_hal_flash_ex.o
LOAD ./Drivers/STM32F1xx_HAL_Driver/Src/stm32f1xx_hal_gpio.o
LOAD ./Drivers/STM32F1xx_HAL_Driver/Src/stm32f1xx_hal_gpio_ex.o
LOAD ./Drivers/STM32F1xx_HAL_Driver/Src/stm32f1xx_hal_pcd.o
LOAD ./Drivers/STM32F1xx_HAL_Driver/Src/stm32f1xx_hal_pcd_ex.o
LOAD ./Drivers/STM32F1xx_HAL_Driver/Src/stm32f1xx_hal_pwr.o
LOAD ./Drivers/STM32F1xx_HAL_Driver/Src/stm32f1xx_hal_rcc.o
LOAD ./Drivers/STM32F1xx_HAL_Driver/Src/stm32f1xx_hal_rcc_ex.o
LOAD ./Drivers/STM32F1xx_HAL_Driver/Src/stm32f1xx_hal_tim.o
LOAD ./Drivers/STM32F1xx_HAL_Driver/Src/stm32f1xx_hal_tim_ex.o
LOAD ./Drivers/STM32F1xx_HAL_Driver/Src/stm32f1xx_ll_usb.o
LOAD ./Middlewares/ST/STM32_USB_Device_Library/Class/CDC/Src/usbd_cdc.o
LOAD ./Middlewares/ST/STM32_USB_Device_Library/Core/Src/usbd_core.o
LOAD ./Middlewares/ST/STM32_USB_Device_Library/Core/Src/usbd_ctlreq.o
LOAD ./Middlewares/ST/STM32_USB_Device_Library/Core/Src/usbd_ioreq.o
LOAD ./USB_DEVICE/App/usb_device.o
LOAD ./USB_DEVICE/App/usbd_cdc_if.o
LOAD ./USB_DEVICE/App/usbd_desc.o
LOAD ./USB_DEVICE/Target/usbd_conf.o
START GROUP
LOAD C:/ST/STM32CubeIDE_1.18.1/STM32CubeIDE/plugins/com.st.stm32cube.ide.mcu.externaltools.gnu-tools-for-stm32.13.3.rel1.win32_1.0.0.202411081344/tools/bin/../lib/gcc/arm-none-eabi/13.3.1/../../../../arm-none-eabi/lib/thumb/v7-m/nofp\libc_nano.a
LOAD C:/ST/STM32CubeIDE_1.18.1/STM32CubeIDE/plugins/com.st.stm32cube.ide.mcu.externaltools.gnu-tools-for-stm32.13.3.rel1.win32_1.0.0.202411081344/tools/bin/../lib/gcc/arm-none-eabi/13.3.1/../../../../arm-none-eabi/lib/thumb/v7-m/nofp\libm.a
END GROUP
START GROUP
LOAD C:/ST/STM32CubeIDE_1.18.1/STM32CubeIDE/plugins/com.st.stm32cube.ide.mcu.externaltools.gnu-tools-for-stm32.13.3.rel1.win32_1.0.0.202411081344/tools/bin/../lib/gcc/arm-none-eabi/13.3.1/thumb/v7-m/nofp\libgcc.a
LOAD C:/ST/STM32CubeIDE_1.18.1/STM32CubeIDE/plugins/com.st.stm32cube.ide.mcu.externaltools.gnu-tools-for-stm32.13.3.rel1.win32_1.0.0.202411081344/tools/bin/../lib/gcc/arm-none-eabi/13.3.1/../../../../arm-none-eabi/lib/thumb/v7-m/nofp\libc_nano.a
END GROUP
START GROUP
LOAD C:/ST/STM32CubeIDE_1.18.1/STM32CubeIDE/plugins/com.st.stm32cube.ide.mcu.externaltools.gnu-tools-for-stm32.13.3.rel1.win32_1.0.0.202411081344/tools/bin/../lib/gcc/arm-none-eabi/13.3.1/thumb/v7-m/nofp\libgcc.a
LOAD C:/ST/STM32CubeIDE_1.18.1/STM32CubeIDE/plugins/com.st.stm32cube.ide.mcu.externaltools.gnu-tools-for-stm32.13.3.rel1.win32_1.0.0.202411081344/tools/bin/../lib/gcc/arm-none-eabi/13.3.1/../../../../arm-none-eabi/lib/thumb/v7-m/nofp\libc_nano.a
LOAD C:/ST/STM32CubeIDE_1.18.1/STM32CubeIDE/plugins/com.st.stm32cube.ide.mcu.externaltools.gnu-tools-for-stm32.13.3.rel1.win32_1.0.0.202411081344/tools/bin/../lib/gcc/arm-none-eabi/13.3.1/../../../../arm-none-eabi/lib/thumb/v7-m/nofp\libnosys.a
END GROUP
START GROUP
LOAD C:/ST/STM32CubeIDE_1.18.1/STM32CubeIDE/plugins/com.st.stm32cube.ide.mcu.externaltools.gnu-tools-for-stm32.13.3.rel1.win32_1.0.0.202411081344/tools/bin/../lib/gcc/arm-none-eabi/13.3.1/thumb/v7-m/nofp\libgcc.a
LOAD C:/ST/STM32CubeIDE_1.18.1/STM32CubeIDE/plugins/com.st.stm32cube.ide.mcu.externaltools.gnu-tools-for-stm32.13.3.rel1.win32_1.0.0.202411081344/tools/bin/../lib/gcc/arm-none-eabi/13.3.1/../../../../arm-none-eabi/lib/thumb/v7-m/nofp\libc_nano.a
LOAD C:/ST/STM32CubeIDE_1.18.1/STM32CubeIDE/plugins/com.st.stm32cube.ide.mcu.externaltools.gnu-tools-for-stm32.13.3.rel1.win32_1.0.0.202411081344/tools/bin/../lib/gcc/arm-none-eabi/13.3.1/../../../../arm-none-eabi/lib/thumb/v7-m/nofp\libnosys.a
END GROUP
LOAD C:/ST/STM32CubeIDE_1.18.1/STM32CubeIDE/plugins/com.st.stm32cube.ide.mcu.externaltools.gnu-tools-for-stm32.13.3.rel1.win32_1.0.0.202411081344/tools/bin/../lib/gcc/arm-none-eabi/13.3.1/thumb/v7-m/nofp/crtend.o
LOAD C:/ST/STM32CubeIDE_1.18.1/STM32CubeIDE/plugins/com.st.stm32cube.ide.mcu.externaltools.gnu-tools-for-stm32.13.3.rel1.win32_1.0.0.202411081344/tools/bin/../lib/gcc/arm-none-eabi/13.3.1/thumb/v7-m/nofp/crtn.o
                0x20005000                        _estack = (ORIGIN (RAM) + LENGTH (RAM))
                0x00000200                        _Min_Heap_Size = 0x200
                0x00000400                        _Min_Stack_Size = 0x400

.isr_vector     0x08000000      0x10c
                0x08000000                        . = ALIGN (0x4)
 *(.isr_vector)
 .isr_vector    0x08000000      0x10c ./Core/Startup/startup_stm32f103c8tx.o
                0x08000000                g_pfnVectors
                0x0800010c                        . = ALIGN (0x4)

.text           0x0800010c     0x90e8
                0x0800010c                        . = ALIGN (0x4)
 *(.text)
 .text          0x0800010c       0x40 C:/ST/STM32CubeIDE_1.18.1/STM32CubeIDE/plugins/com.st.stm32cube.ide.mcu.externaltools.gnu-tools-for-stm32.13.3.rel1.win32_1.0.0.202411081344/tools/bin/../lib/gcc/arm-none-eabi/13.3.1/thumb/v7-m/nofp/crtbegin.o
 *(.text*)
 .text.next_switch
                0x0800014c       0x28 ./Core/Src/adc.o
 .text.Update_Timer
                0x08000174       0x50 ./Core/Src/adc.o
                0x08000174                Update_Timer
 .text.ADC_Setup
                0x080001c4       0x4c ./Core/Src/adc.o
                0x080001c4                ADC_Setup
 .text.HAL_ADC_ConvCpltCallback
                0x08000210       0x8c ./Core/Src/adc.o
                0x08000210                HAL_ADC_ConvCpltCallback
 .text.main     0x0800029c       0x48 ./Core/Src/main.o
                0x0800029c                main
 .text.SystemClock_Config
                0x080002e4       0xba ./Core/Src/main.o
                0x080002e4                SystemClock_Config
 *fill*         0x0800039e        0x2 
 .text.MX_ADC1_Init
                0x080003a0      0x180 ./Core/Src/main.o
 .text.MX_TIM3_Init
                0x08000520       0x9c ./Core/Src/main.o
 .text.MX_DMA_Init
                0x080005bc       0x3c ./Core/Src/main.o
 .text.MX_GPIO_Init
                0x080005f8       0x5c ./Core/Src/main.o
 .text.Error_Handler
                0x08000654        0xc ./Core/Src/main.o
                0x08000654                Error_Handler
 .text.HAL_MspInit
                0x08000660       0x64 ./Core/Src/stm32f1xx_hal_msp.o
                0x08000660                HAL_MspInit
 .text.HAL_ADC_MspInit
                0x080006c4       0xe0 ./Core/Src/stm32f1xx_hal_msp.o
                0x080006c4                HAL_ADC_MspInit
 .text.HAL_TIM_Base_MspInit
                0x080007a4       0x4c ./Core/Src/stm32f1xx_hal_msp.o
                0x080007a4                HAL_TIM_Base_MspInit
 .text.HAL_TIM_Base_MspDeInit
                0x080007f0       0x34 ./Core/Src/stm32f1xx_hal_msp.o
                0x080007f0                HAL_TIM_Base_MspDeInit
 .text.NMI_Handler
                0x08000824        0x8 ./Core/Src/stm32f1xx_it.o
                0x08000824                NMI_Handler
 .text.HardFault_Handler
                0x0800082c        0x8 ./Core/Src/stm32f1xx_it.o
                0x0800082c                HardFault_Handler
 .text.MemManage_Handler
                0x08000834        0x8 ./Core/Src/stm32f1xx_it.o
                0x08000834                MemManage_Handler
 .text.BusFault_Handler
                0x0800083c        0x8 ./Core/Src/stm32f1xx_it.o
                0x0800083c                BusFault_Handler
 .text.UsageFault_Handler
                0x08000844        0x8 ./Core/Src/stm32f1xx_it.o
                0x08000844                UsageFault_Handler
 .text.SVC_Handler
                0x0800084c        0xc ./Core/Src/stm32f1xx_it.o
                0x0800084c                SVC_Handler
 .text.DebugMon_Handler
                0x08000858        0xc ./Core/Src/stm32f1xx_it.o
                0x08000858                DebugMon_Handler
 .text.PendSV_Handler
                0x08000864        0xc ./Core/Src/stm32f1xx_it.o
                0x08000864                PendSV_Handler
 .text.SysTick_Handler
                0x08000870        0xc ./Core/Src/stm32f1xx_it.o
                0x08000870                SysTick_Handler
 .text.DMA1_Channel1_IRQHandler
                0x0800087c       0x14 ./Core/Src/stm32f1xx_it.o
                0x0800087c                DMA1_Channel1_IRQHandler
 .text.ADC1_2_IRQHandler
                0x08000890       0x14 ./Core/Src/stm32f1xx_it.o
                0x08000890                ADC1_2_IRQHandler
 .text.USB_HP_CAN1_TX_IRQHandler
                0x080008a4       0x14 ./Core/Src/stm32f1xx_it.o
                0x080008a4                USB_HP_CAN1_TX_IRQHandler
 .text.USB_LP_CAN1_RX0_IRQHandler
                0x080008b8       0x14 ./Core/Src/stm32f1xx_it.o
                0x080008b8                USB_LP_CAN1_RX0_IRQHandler
 .text.TIM3_IRQHandler
                0x080008cc       0x14 ./Core/Src/stm32f1xx_it.o
                0x080008cc                TIM3_IRQHandler
 .text.SystemInit
                0x080008e0        0xc ./Core/Src/system_stm32f1xx.o
                0x080008e0                SystemInit
 .text.Reset_Handler
                0x080008ec       0x48 ./Core/Startup/startup_stm32f103c8tx.o
                0x080008ec                Reset_Handler
 .text.Default_Handler
                0x08000934        0x2 ./Core/Startup/startup_stm32f103c8tx.o
                0x08000934                RTC_Alarm_IRQHandler
                0x08000934                EXTI2_IRQHandler
                0x08000934                TIM1_CC_IRQHandler
                0x08000934                PVD_IRQHandler
                0x08000934                EXTI3_IRQHandler
                0x08000934                EXTI0_IRQHandler
                0x08000934                I2C2_EV_IRQHandler
                0x08000934                SPI1_IRQHandler
                0x08000934                TAMPER_IRQHandler
                0x08000934                DMA1_Channel4_IRQHandler
                0x08000934                USART3_IRQHandler
                0x08000934                RTC_IRQHandler
                0x08000934                DMA1_Channel7_IRQHandler
                0x08000934                CAN1_RX1_IRQHandler
                0x08000934                TIM4_IRQHandler
                0x08000934                I2C1_EV_IRQHandler
                0x08000934                DMA1_Channel6_IRQHandler
                0x08000934                RCC_IRQHandler
                0x08000934                TIM1_TRG_COM_IRQHandler
                0x08000934                Default_Handler
                0x08000934                EXTI15_10_IRQHandler
                0x08000934                EXTI9_5_IRQHandler
                0x08000934                SPI2_IRQHandler
                0x08000934                DMA1_Channel5_IRQHandler
                0x08000934                EXTI4_IRQHandler
                0x08000934                DMA1_Channel3_IRQHandler
                0x08000934                TIM1_UP_IRQHandler
                0x08000934                WWDG_IRQHandler
                0x08000934                TIM2_IRQHandler
                0x08000934                TIM1_BRK_IRQHandler
                0x08000934                EXTI1_IRQHandler
                0x08000934                USART2_IRQHandler
                0x08000934                I2C2_ER_IRQHandler
                0x08000934                DMA1_Channel2_IRQHandler
                0x08000934                CAN1_SCE_IRQHandler
                0x08000934                FLASH_IRQHandler
                0x08000934                USART1_IRQHandler
                0x08000934                I2C1_ER_IRQHandler
                0x08000934                USBWakeUp_IRQHandler
 *fill*         0x08000936        0x2 
 .text.HAL_Init
                0x08000938       0x2c ./Drivers/STM32F1xx_HAL_Driver/Src/stm32f1xx_hal.o
                0x08000938                HAL_Init
 .text.HAL_InitTick
                0x08000964       0x60 ./Drivers/STM32F1xx_HAL_Driver/Src/stm32f1xx_hal.o
                0x08000964                HAL_InitTick
 .text.HAL_IncTick
                0x080009c4       0x24 ./Drivers/STM32F1xx_HAL_Driver/Src/stm32f1xx_hal.o
                0x080009c4                HAL_IncTick
 .text.HAL_GetTick
                0x080009e8       0x14 ./Drivers/STM32F1xx_HAL_Driver/Src/stm32f1xx_hal.o
                0x080009e8                HAL_GetTick
 .text.HAL_Delay
                0x080009fc       0x48 ./Drivers/STM32F1xx_HAL_Driver/Src/stm32f1xx_hal.o
                0x080009fc                HAL_Delay
 .text.HAL_ADC_Init
                0x08000a44      0x1b0 ./Drivers/STM32F1xx_HAL_Driver/Src/stm32f1xx_hal_adc.o
                0x08000a44                HAL_ADC_Init
 .text.HAL_ADC_Start_DMA
                0x08000bf4      0x1bc ./Drivers/STM32F1xx_HAL_Driver/Src/stm32f1xx_hal_adc.o
                0x08000bf4                HAL_ADC_Start_DMA
 .text.HAL_ADC_IRQHandler
                0x08000db0      0x17e ./Drivers/STM32F1xx_HAL_Driver/Src/stm32f1xx_hal_adc.o
                0x08000db0                HAL_ADC_IRQHandler
 .text.HAL_ADC_ConvHalfCpltCallback
                0x08000f2e       0x12 ./Drivers/STM32F1xx_HAL_Driver/Src/stm32f1xx_hal_adc.o
                0x08000f2e                HAL_ADC_ConvHalfCpltCallback
 .text.HAL_ADC_LevelOutOfWindowCallback
                0x08000f40       0x12 ./Drivers/STM32F1xx_HAL_Driver/Src/stm32f1xx_hal_adc.o
                0x08000f40                HAL_ADC_LevelOutOfWindowCallback
 .text.HAL_ADC_ErrorCallback
                0x08000f52       0x12 ./Drivers/STM32F1xx_HAL_Driver/Src/stm32f1xx_hal_adc.o
                0x08000f52                HAL_ADC_ErrorCallback
 .text.HAL_ADC_ConfigChannel
                0x08000f64      0x1f0 ./Drivers/STM32F1xx_HAL_Driver/Src/stm32f1xx_hal_adc.o
                0x08000f64                HAL_ADC_ConfigChannel
 .text.HAL_ADC_AnalogWDGConfig
                0x08001154       0xac ./Drivers/STM32F1xx_HAL_Driver/Src/stm32f1xx_hal_adc.o
                0x08001154                HAL_ADC_AnalogWDGConfig
 .text.ADC_Enable
                0x08001200       0xb4 ./Drivers/STM32F1xx_HAL_Driver/Src/stm32f1xx_hal_adc.o
                0x08001200                ADC_Enable
 .text.ADC_ConversionStop_Disable
                0x080012b4       0x82 ./Drivers/STM32F1xx_HAL_Driver/Src/stm32f1xx_hal_adc.o
                0x080012b4                ADC_ConversionStop_Disable
 .text.ADC_DMAConvCplt
                0x08001336       0x7c ./Drivers/STM32F1xx_HAL_Driver/Src/stm32f1xx_hal_adc.o
                0x08001336                ADC_DMAConvCplt
 .text.ADC_DMAHalfConvCplt
                0x080013b2       0x1c ./Drivers/STM32F1xx_HAL_Driver/Src/stm32f1xx_hal_adc.o
                0x080013b2                ADC_DMAHalfConvCplt
 .text.ADC_DMAError
                0x080013ce       0x34 ./Drivers/STM32F1xx_HAL_Driver/Src/stm32f1xx_hal_adc.o
                0x080013ce                ADC_DMAError
 .text.HAL_ADCEx_InjectedConvCpltCallback
                0x08001402       0x12 ./Drivers/STM32F1xx_HAL_Driver/Src/stm32f1xx_hal_adc_ex.o
                0x08001402                HAL_ADCEx_InjectedConvCpltCallback
 .text.__NVIC_SetPriorityGrouping
                0x08001414       0x48 ./Drivers/STM32F1xx_HAL_Driver/Src/stm32f1xx_hal_cortex.o
 .text.__NVIC_GetPriorityGrouping
                0x0800145c       0x1c ./Drivers/STM32F1xx_HAL_Driver/Src/stm32f1xx_hal_cortex.o
 .text.__NVIC_EnableIRQ
                0x08001478       0x38 ./Drivers/STM32F1xx_HAL_Driver/Src/stm32f1xx_hal_cortex.o
 .text.__NVIC_DisableIRQ
                0x080014b0       0x48 ./Drivers/STM32F1xx_HAL_Driver/Src/stm32f1xx_hal_cortex.o
 .text.__NVIC_SetPriority
                0x080014f8       0x54 ./Drivers/STM32F1xx_HAL_Driver/Src/stm32f1xx_hal_cortex.o
 .text.NVIC_EncodePriority
                0x0800154c       0x64 ./Drivers/STM32F1xx_HAL_Driver/Src/stm32f1xx_hal_cortex.o
 .text.SysTick_Config
                0x080015b0       0x44 ./Drivers/STM32F1xx_HAL_Driver/Src/stm32f1xx_hal_cortex.o
 .text.HAL_NVIC_SetPriorityGrouping
                0x080015f4       0x16 ./Drivers/STM32F1xx_HAL_Driver/Src/stm32f1xx_hal_cortex.o
                0x080015f4                HAL_NVIC_SetPriorityGrouping
 .text.HAL_NVIC_SetPriority
                0x0800160a       0x38 ./Drivers/STM32F1xx_HAL_Driver/Src/stm32f1xx_hal_cortex.o
                0x0800160a                HAL_NVIC_SetPriority
 .text.HAL_NVIC_EnableIRQ
                0x08001642       0x1c ./Drivers/STM32F1xx_HAL_Driver/Src/stm32f1xx_hal_cortex.o
                0x08001642                HAL_NVIC_EnableIRQ
 .text.HAL_NVIC_DisableIRQ
                0x0800165e       0x1c ./Drivers/STM32F1xx_HAL_Driver/Src/stm32f1xx_hal_cortex.o
                0x0800165e                HAL_NVIC_DisableIRQ
 .text.HAL_SYSTICK_Config
                0x0800167a       0x18 ./Drivers/STM32F1xx_HAL_Driver/Src/stm32f1xx_hal_cortex.o
                0x0800167a                HAL_SYSTICK_Config
 *fill*         0x08001692        0x2 
 .text.HAL_DMA_Init
                0x08001694       0xb4 ./Drivers/STM32F1xx_HAL_Driver/Src/stm32f1xx_hal_dma.o
                0x08001694                HAL_DMA_Init
 .text.HAL_DMA_Start_IT
                0x08001748       0xc0 ./Drivers/STM32F1xx_HAL_Driver/Src/stm32f1xx_hal_dma.o
                0x08001748                HAL_DMA_Start_IT
 .text.HAL_DMA_IRQHandler
                0x08001808      0x20c ./Drivers/STM32F1xx_HAL_Driver/Src/stm32f1xx_hal_dma.o
                0x08001808                HAL_DMA_IRQHandler
 .text.DMA_SetConfig
                0x08001a14       0x5a ./Drivers/STM32F1xx_HAL_Driver/Src/stm32f1xx_hal_dma.o
 *fill*         0x08001a6e        0x2 
 .text.HAL_GPIO_Init
                0x08001a70      0x308 ./Drivers/STM32F1xx_HAL_Driver/Src/stm32f1xx_hal_gpio.o
                0x08001a70                HAL_GPIO_Init
 .text.HAL_PCD_Init
                0x08001d78      0x1ec ./Drivers/STM32F1xx_HAL_Driver/Src/stm32f1xx_hal_pcd.o
                0x08001d78                HAL_PCD_Init
 .text.HAL_PCD_Start
                0x08001f64       0x4c ./Drivers/STM32F1xx_HAL_Driver/Src/stm32f1xx_hal_pcd.o
                0x08001f64                HAL_PCD_Start
 .text.HAL_PCD_IRQHandler
                0x08001fb0      0x260 ./Drivers/STM32F1xx_HAL_Driver/Src/stm32f1xx_hal_pcd.o
                0x08001fb0                HAL_PCD_IRQHandler
 .text.HAL_PCD_SetAddress
                0x08002210       0x48 ./Drivers/STM32F1xx_HAL_Driver/Src/stm32f1xx_hal_pcd.o
                0x08002210                HAL_PCD_SetAddress
 .text.HAL_PCD_EP_Open
                0x08002258       0xba ./Drivers/STM32F1xx_HAL_Driver/Src/stm32f1xx_hal_pcd.o
                0x08002258                HAL_PCD_EP_Open
 .text.HAL_PCD_EP_Close
                0x08002312       0x90 ./Drivers/STM32F1xx_HAL_Driver/Src/stm32f1xx_hal_pcd.o
                0x08002312                HAL_PCD_EP_Close
 .text.HAL_PCD_EP_Receive
                0x080023a2       0x62 ./Drivers/STM32F1xx_HAL_Driver/Src/stm32f1xx_hal_pcd.o
                0x080023a2                HAL_PCD_EP_Receive
 .text.HAL_PCD_EP_GetRxCount
                0x08002404       0x2e ./Drivers/STM32F1xx_HAL_Driver/Src/stm32f1xx_hal_pcd.o
                0x08002404                HAL_PCD_EP_GetRxCount
 .text.HAL_PCD_EP_Transmit
                0x08002432       0x6e ./Drivers/STM32F1xx_HAL_Driver/Src/stm32f1xx_hal_pcd.o
                0x08002432                HAL_PCD_EP_Transmit
 .text.HAL_PCD_EP_SetStall
                0x080024a0       0xc0 ./Drivers/STM32F1xx_HAL_Driver/Src/stm32f1xx_hal_pcd.o
                0x080024a0                HAL_PCD_EP_SetStall
 .text.HAL_PCD_EP_ClrStall
                0x08002560       0xa8 ./Drivers/STM32F1xx_HAL_Driver/Src/stm32f1xx_hal_pcd.o
                0x08002560                HAL_PCD_EP_ClrStall
 .text.PCD_EP_ISR_Handler
                0x08002608      0x79e ./Drivers/STM32F1xx_HAL_Driver/Src/stm32f1xx_hal_pcd.o
 .text.HAL_PCD_EP_DB_Receive
                0x08002da6      0x21a ./Drivers/STM32F1xx_HAL_Driver/Src/stm32f1xx_hal_pcd.o
 .text.HAL_PCD_EP_DB_Transmit
                0x08002fc0      0x7f4 ./Drivers/STM32F1xx_HAL_Driver/Src/stm32f1xx_hal_pcd.o
 .text.HAL_PCDEx_PMAConfig
                0x080037b4       0x84 ./Drivers/STM32F1xx_HAL_Driver/Src/stm32f1xx_hal_pcd_ex.o
                0x080037b4                HAL_PCDEx_PMAConfig
 .text.HAL_RCC_OscConfig
                0x08003838      0x504 ./Drivers/STM32F1xx_HAL_Driver/Src/stm32f1xx_hal_rcc.o
                0x08003838                HAL_RCC_OscConfig
 .text.HAL_RCC_ClockConfig
                0x08003d3c      0x1d4 ./Drivers/STM32F1xx_HAL_Driver/Src/stm32f1xx_hal_rcc.o
                0x08003d3c                HAL_RCC_ClockConfig
 .text.HAL_RCC_GetSysClockFreq
                0x08003f10       0xa8 ./Drivers/STM32F1xx_HAL_Driver/Src/stm32f1xx_hal_rcc.o
                0x08003f10                HAL_RCC_GetSysClockFreq
 .text.RCC_Delay
                0x08003fb8       0x3c ./Drivers/STM32F1xx_HAL_Driver/Src/stm32f1xx_hal_rcc.o
 .text.HAL_RCCEx_PeriphCLKConfig
                0x08003ff4      0x16c ./Drivers/STM32F1xx_HAL_Driver/Src/stm32f1xx_hal_rcc_ex.o
                0x08003ff4                HAL_RCCEx_PeriphCLKConfig
 .text.HAL_TIM_Base_Init
                0x08004160       0x9e ./Drivers/STM32F1xx_HAL_Driver/Src/stm32f1xx_hal_tim.o
                0x08004160                HAL_TIM_Base_Init
 .text.HAL_TIM_Base_DeInit
                0x080041fe       0xa8 ./Drivers/STM32F1xx_HAL_Driver/Src/stm32f1xx_hal_tim.o
                0x080041fe                HAL_TIM_Base_DeInit
 *fill*         0x080042a6        0x2 
 .text.HAL_TIM_Base_Start
                0x080042a8       0x94 ./Drivers/STM32F1xx_HAL_Driver/Src/stm32f1xx_hal_tim.o
                0x080042a8                HAL_TIM_Base_Start
 .text.HAL_TIM_Base_Stop
                0x0800433c       0x4c ./Drivers/STM32F1xx_HAL_Driver/Src/stm32f1xx_hal_tim.o
                0x0800433c                HAL_TIM_Base_Stop
 .text.HAL_TIM_IRQHandler
                0x08004388      0x1e0 ./Drivers/STM32F1xx_HAL_Driver/Src/stm32f1xx_hal_tim.o
                0x08004388                HAL_TIM_IRQHandler
 .text.HAL_TIM_ConfigClockSource
                0x08004568      0x18e ./Drivers/STM32F1xx_HAL_Driver/Src/stm32f1xx_hal_tim.o
                0x08004568                HAL_TIM_ConfigClockSource
 .text.HAL_TIM_PeriodElapsedCallback
                0x080046f6       0x12 ./Drivers/STM32F1xx_HAL_Driver/Src/stm32f1xx_hal_tim.o
                0x080046f6                HAL_TIM_PeriodElapsedCallback
 .text.HAL_TIM_OC_DelayElapsedCallback
                0x08004708       0x12 ./Drivers/STM32F1xx_HAL_Driver/Src/stm32f1xx_hal_tim.o
                0x08004708                HAL_TIM_OC_DelayElapsedCallback
 .text.HAL_TIM_IC_CaptureCallback
                0x0800471a       0x12 ./Drivers/STM32F1xx_HAL_Driver/Src/stm32f1xx_hal_tim.o
                0x0800471a                HAL_TIM_IC_CaptureCallback
 .text.HAL_TIM_PWM_PulseFinishedCallback
                0x0800472c       0x12 ./Drivers/STM32F1xx_HAL_Driver/Src/stm32f1xx_hal_tim.o
                0x0800472c                HAL_TIM_PWM_PulseFinishedCallback
 .text.HAL_TIM_TriggerCallback
                0x0800473e       0x12 ./Drivers/STM32F1xx_HAL_Driver/Src/stm32f1xx_hal_tim.o
                0x0800473e                HAL_TIM_TriggerCallback
 .text.TIM_Base_SetConfig
                0x08004750       0xdc ./Drivers/STM32F1xx_HAL_Driver/Src/stm32f1xx_hal_tim.o
                0x08004750                TIM_Base_SetConfig
 .text.TIM_TI1_ConfigInputStage
                0x0800482c       0x5c ./Drivers/STM32F1xx_HAL_Driver/Src/stm32f1xx_hal_tim.o
 .text.TIM_TI2_ConfigInputStage
                0x08004888       0x5e ./Drivers/STM32F1xx_HAL_Driver/Src/stm32f1xx_hal_tim.o
 .text.TIM_ITRx_SetConfig
                0x080048e6       0x34 ./Drivers/STM32F1xx_HAL_Driver/Src/stm32f1xx_hal_tim.o
 .text.TIM_ETR_SetConfig
                0x0800491a       0x3e ./Drivers/STM32F1xx_HAL_Driver/Src/stm32f1xx_hal_tim.o
                0x0800491a                TIM_ETR_SetConfig
 .text.HAL_TIMEx_MasterConfigSynchronization
                0x08004958       0xbc ./Drivers/STM32F1xx_HAL_Driver/Src/stm32f1xx_hal_tim_ex.o
                0x08004958                HAL_TIMEx_MasterConfigSynchronization
 .text.HAL_TIMEx_CommutCallback
                0x08004a14       0x12 ./Drivers/STM32F1xx_HAL_Driver/Src/stm32f1xx_hal_tim_ex.o
                0x08004a14                HAL_TIMEx_CommutCallback
 .text.HAL_TIMEx_BreakCallback
                0x08004a26       0x12 ./Drivers/STM32F1xx_HAL_Driver/Src/stm32f1xx_hal_tim_ex.o
                0x08004a26                HAL_TIMEx_BreakCallback
 .text.USB_CoreInit
                0x08004a38       0x1a ./Drivers/STM32F1xx_HAL_Driver/Src/stm32f1xx_ll_usb.o
                0x08004a38                USB_CoreInit
 .text.USB_EnableGlobalInt
                0x08004a52       0x2c ./Drivers/STM32F1xx_HAL_Driver/Src/stm32f1xx_ll_usb.o
                0x08004a52                USB_EnableGlobalInt
 .text.USB_DisableGlobalInt
                0x08004a7e       0x34 ./Drivers/STM32F1xx_HAL_Driver/Src/stm32f1xx_ll_usb.o
                0x08004a7e                USB_DisableGlobalInt
 .text.USB_SetCurrentMode
                0x08004ab2       0x18 ./Drivers/STM32F1xx_HAL_Driver/Src/stm32f1xx_ll_usb.o
                0x08004ab2                USB_SetCurrentMode
 .text.USB_DevInit
                0x08004aca       0x3a ./Drivers/STM32F1xx_HAL_Driver/Src/stm32f1xx_ll_usb.o
                0x08004aca                USB_DevInit
 .text.USB_ActivateEndpoint
                0x08004b04      0x780 ./Drivers/STM32F1xx_HAL_Driver/Src/stm32f1xx_ll_usb.o
                0x08004b04                USB_ActivateEndpoint
 .text.USB_DeactivateEndpoint
                0x08005284      0x3d8 ./Drivers/STM32F1xx_HAL_Driver/Src/stm32f1xx_ll_usb.o
                0x08005284                USB_DeactivateEndpoint
 .text.USB_EPStartXfer
                0x0800565c     0x1762 ./Drivers/STM32F1xx_HAL_Driver/Src/stm32f1xx_ll_usb.o
                0x0800565c                USB_EPStartXfer
 .text.USB_EPSetStall
                0x08006dbe       0xa0 ./Drivers/STM32F1xx_HAL_Driver/Src/stm32f1xx_ll_usb.o
                0x08006dbe                USB_EPSetStall
 .text.USB_EPClearStall
                0x08006e5e      0x15a ./Drivers/STM32F1xx_HAL_Driver/Src/stm32f1xx_ll_usb.o
                0x08006e5e                USB_EPClearStall
 .text.USB_SetDevAddress
                0x08006fb8       0x26 ./Drivers/STM32F1xx_HAL_Driver/Src/stm32f1xx_ll_usb.o
                0x08006fb8                USB_SetDevAddress
 .text.USB_DevConnect
                0x08006fde       0x14 ./Drivers/STM32F1xx_HAL_Driver/Src/stm32f1xx_ll_usb.o
                0x08006fde                USB_DevConnect
 .text.USB_DevDisconnect
                0x08006ff2       0x14 ./Drivers/STM32F1xx_HAL_Driver/Src/stm32f1xx_ll_usb.o
                0x08006ff2                USB_DevDisconnect
 .text.USB_ReadInterrupts
                0x08007006       0x1e ./Drivers/STM32F1xx_HAL_Driver/Src/stm32f1xx_ll_usb.o
                0x08007006                USB_ReadInterrupts
 .text.USB_EP0_OutStart
                0x08007024       0x16 ./Drivers/STM32F1xx_HAL_Driver/Src/stm32f1xx_ll_usb.o
                0x08007024                USB_EP0_OutStart
 .text.USB_WritePMA
                0x0800703a       0x8c ./Drivers/STM32F1xx_HAL_Driver/Src/stm32f1xx_ll_usb.o
                0x0800703a                USB_WritePMA
 .text.USB_ReadPMA
                0x080070c6       0x9e ./Drivers/STM32F1xx_HAL_Driver/Src/stm32f1xx_ll_usb.o
                0x080070c6                USB_ReadPMA
 .text.USBD_CDC_Init
                0x08007164       0xf4 ./Middlewares/ST/STM32_USB_Device_Library/Class/CDC/Src/usbd_cdc.o
 .text.USBD_CDC_DeInit
                0x08007258       0x6e ./Middlewares/ST/STM32_USB_Device_Library/Class/CDC/Src/usbd_cdc.o
 .text.USBD_CDC_Setup
                0x080072c6      0x146 ./Middlewares/ST/STM32_USB_Device_Library/Class/CDC/Src/usbd_cdc.o
 .text.USBD_CDC_DataIn
                0x0800740c       0xa6 ./Middlewares/ST/STM32_USB_Device_Library/Class/CDC/Src/usbd_cdc.o
 .text.USBD_CDC_DataOut
                0x080074b2       0x56 ./Middlewares/ST/STM32_USB_Device_Library/Class/CDC/Src/usbd_cdc.o
 .text.USBD_CDC_EP0_RxReady
                0x08007508       0x4e ./Middlewares/ST/STM32_USB_Device_Library/Class/CDC/Src/usbd_cdc.o
 *fill*         0x08007556        0x2 
 .text.USBD_CDC_GetFSCfgDesc
                0x08007558       0x20 ./Middlewares/ST/STM32_USB_Device_Library/Class/CDC/Src/usbd_cdc.o
 .text.USBD_CDC_GetHSCfgDesc
                0x08007578       0x20 ./Middlewares/ST/STM32_USB_Device_Library/Class/CDC/Src/usbd_cdc.o
 .text.USBD_CDC_GetOtherSpeedCfgDesc
                0x08007598       0x20 ./Middlewares/ST/STM32_USB_Device_Library/Class/CDC/Src/usbd_cdc.o
 .text.USBD_CDC_GetDeviceQualifierDescriptor
                0x080075b8       0x20 ./Middlewares/ST/STM32_USB_Device_Library/Class/CDC/Src/usbd_cdc.o
                0x080075b8                USBD_CDC_GetDeviceQualifierDescriptor
 .text.USBD_CDC_RegisterInterface
                0x080075d8       0x2c ./Middlewares/ST/STM32_USB_Device_Library/Class/CDC/Src/usbd_cdc.o
                0x080075d8                USBD_CDC_RegisterInterface
 .text.USBD_CDC_SetTxBuffer
                0x08007604       0x32 ./Middlewares/ST/STM32_USB_Device_Library/Class/CDC/Src/usbd_cdc.o
                0x08007604                USBD_CDC_SetTxBuffer
 .text.USBD_CDC_SetRxBuffer
                0x08007636       0x26 ./Middlewares/ST/STM32_USB_Device_Library/Class/CDC/Src/usbd_cdc.o
                0x08007636                USBD_CDC_SetRxBuffer
 .text.USBD_CDC_TransmitPacket
                0x0800765c       0x5e ./Middlewares/ST/STM32_USB_Device_Library/Class/CDC/Src/usbd_cdc.o
                0x0800765c                USBD_CDC_TransmitPacket
 .text.USBD_CDC_ReceivePacket
                0x080076ba       0x54 ./Middlewares/ST/STM32_USB_Device_Library/Class/CDC/Src/usbd_cdc.o
                0x080076ba                USBD_CDC_ReceivePacket
 .text.USBD_Init
                0x0800770e       0x56 ./Middlewares/ST/STM32_USB_Device_Library/Core/Src/usbd_core.o
                0x0800770e                USBD_Init
 .text.USBD_RegisterClass
                0x08007764       0x32 ./Middlewares/ST/STM32_USB_Device_Library/Core/Src/usbd_core.o
                0x08007764                USBD_RegisterClass
 .text.USBD_Start
                0x08007796       0x18 ./Middlewares/ST/STM32_USB_Device_Library/Core/Src/usbd_core.o
                0x08007796                USBD_Start
 .text.USBD_RunTestMode
                0x080077ae       0x14 ./Middlewares/ST/STM32_USB_Device_Library/Core/Src/usbd_core.o
                0x080077ae                USBD_RunTestMode
 .text.USBD_SetClassConfig
                0x080077c2       0x3e ./Middlewares/ST/STM32_USB_Device_Library/Core/Src/usbd_core.o
                0x080077c2                USBD_SetClassConfig
 .text.USBD_ClrClassConfig
                0x08007800       0x26 ./Middlewares/ST/STM32_USB_Device_Library/Core/Src/usbd_core.o
                0x08007800                USBD_ClrClassConfig
 .text.USBD_LL_SetupStage
                0x08007826       0x9a ./Middlewares/ST/STM32_USB_Device_Library/Core/Src/usbd_core.o
                0x08007826                USBD_LL_SetupStage
 .text.USBD_LL_DataOutStage
                0x080078c0       0xe2 ./Middlewares/ST/STM32_USB_Device_Library/Core/Src/usbd_core.o
                0x080078c0                USBD_LL_DataOutStage
 .text.USBD_LL_DataInStage
                0x080079a2      0x14a ./Middlewares/ST/STM32_USB_Device_Library/Core/Src/usbd_core.o
                0x080079a2                USBD_LL_DataInStage
 .text.USBD_LL_Reset
                0x08007aec       0x82 ./Middlewares/ST/STM32_USB_Device_Library/Core/Src/usbd_core.o
                0x08007aec                USBD_LL_Reset
 .text.USBD_LL_SetSpeed
                0x08007b6e       0x1e ./Middlewares/ST/STM32_USB_Device_Library/Core/Src/usbd_core.o
                0x08007b6e                USBD_LL_SetSpeed
 .text.USBD_LL_Suspend
                0x08007b8c       0x28 ./Middlewares/ST/STM32_USB_Device_Library/Core/Src/usbd_core.o
                0x08007b8c                USBD_LL_Suspend
 .text.USBD_LL_Resume
                0x08007bb4       0x2a ./Middlewares/ST/STM32_USB_Device_Library/Core/Src/usbd_core.o
                0x08007bb4                USBD_LL_Resume
 .text.USBD_LL_SOF
                0x08007bde       0x34 ./Middlewares/ST/STM32_USB_Device_Library/Core/Src/usbd_core.o
                0x08007bde                USBD_LL_SOF
 *fill*         0x08007c12        0x2 
 .text.USBD_StdDevReq
                0x08007c14       0xd4 ./Middlewares/ST/STM32_USB_Device_Library/Core/Src/usbd_ctlreq.o
                0x08007c14                USBD_StdDevReq
 .text.USBD_StdItfReq
                0x08007ce8       0x90 ./Middlewares/ST/STM32_USB_Device_Library/Core/Src/usbd_ctlreq.o
                0x08007ce8                USBD_StdItfReq
 .text.USBD_StdEPReq
                0x08007d78      0x2c6 ./Middlewares/ST/STM32_USB_Device_Library/Core/Src/usbd_ctlreq.o
                0x08007d78                USBD_StdEPReq
 *fill*         0x0800803e        0x2 
 .text.USBD_GetDescriptor
                0x08008040      0x2d0 ./Middlewares/ST/STM32_USB_Device_Library/Core/Src/usbd_ctlreq.o
 .text.USBD_SetAddress
                0x08008310       0x86 ./Middlewares/ST/STM32_USB_Device_Library/Core/Src/usbd_ctlreq.o
 *fill*         0x08008396        0x2 
 .text.USBD_SetConfig
                0x08008398      0x11c ./Middlewares/ST/STM32_USB_Device_Library/Core/Src/usbd_ctlreq.o
 .text.USBD_GetConfig
                0x080084b4       0x6a ./Middlewares/ST/STM32_USB_Device_Library/Core/Src/usbd_ctlreq.o
 .text.USBD_GetStatus
                0x0800851e       0x66 ./Middlewares/ST/STM32_USB_Device_Library/Core/Src/usbd_ctlreq.o
 .text.USBD_SetFeature
                0x08008584       0x28 ./Middlewares/ST/STM32_USB_Device_Library/Core/Src/usbd_ctlreq.o
 .text.USBD_ClrFeature
                0x080085ac       0x42 ./Middlewares/ST/STM32_USB_Device_Library/Core/Src/usbd_ctlreq.o
 .text.USBD_ParseSetupRequest
                0x080085ee       0x72 ./Middlewares/ST/STM32_USB_Device_Library/Core/Src/usbd_ctlreq.o
                0x080085ee                USBD_ParseSetupRequest
 .text.USBD_CtlError
                0x08008660       0x22 ./Middlewares/ST/STM32_USB_Device_Library/Core/Src/usbd_ctlreq.o
                0x08008660                USBD_CtlError
 .text.USBD_GetString
                0x08008682       0x84 ./Middlewares/ST/STM32_USB_Device_Library/Core/Src/usbd_ctlreq.o
                0x08008682                USBD_GetString
 .text.USBD_GetLen
                0x08008706       0x2e ./Middlewares/ST/STM32_USB_Device_Library/Core/Src/usbd_ctlreq.o
 .text.USBD_CtlSendData
                0x08008734       0x38 ./Middlewares/ST/STM32_USB_Device_Library/Core/Src/usbd_ioreq.o
                0x08008734                USBD_CtlSendData
 .text.USBD_CtlContinueSendData
                0x0800876c       0x24 ./Middlewares/ST/STM32_USB_Device_Library/Core/Src/usbd_ioreq.o
                0x0800876c                USBD_CtlContinueSendData
 .text.USBD_CtlPrepareRx
                0x08008790       0x3c ./Middlewares/ST/STM32_USB_Device_Library/Core/Src/usbd_ioreq.o
                0x08008790                USBD_CtlPrepareRx
 .text.USBD_CtlContinueRx
                0x080087cc       0x24 ./Middlewares/ST/STM32_USB_Device_Library/Core/Src/usbd_ioreq.o
                0x080087cc                USBD_CtlContinueRx
 .text.USBD_CtlSendStatus
                0x080087f0       0x26 ./Middlewares/ST/STM32_USB_Device_Library/Core/Src/usbd_ioreq.o
                0x080087f0                USBD_CtlSendStatus
 .text.USBD_CtlReceiveStatus
                0x08008816       0x26 ./Middlewares/ST/STM32_USB_Device_Library/Core/Src/usbd_ioreq.o
                0x08008816                USBD_CtlReceiveStatus
 .text.MX_USB_DEVICE_Init
                0x0800883c       0x60 ./USB_DEVICE/App/usb_device.o
                0x0800883c                MX_USB_DEVICE_Init
 .text.CDC_Init_FS
                0x0800889c       0x28 ./USB_DEVICE/App/usbd_cdc_if.o
 .text.CDC_DeInit_FS
                0x080088c4        0xe ./USB_DEVICE/App/usbd_cdc_if.o
 *fill*         0x080088d2        0x2 
 .text.CDC_Control_FS
                0x080088d4       0xbc ./USB_DEVICE/App/usbd_cdc_if.o
 .text.CDC_Receive_FS
                0x08008990       0x28 ./USB_DEVICE/App/usbd_cdc_if.o
 .text.CDC_Transmit_FS
                0x080089b8       0x4c ./USB_DEVICE/App/usbd_cdc_if.o
                0x080089b8                CDC_Transmit_FS
 .text.USBD_FS_DeviceDescriptor
                0x08008a04       0x24 ./USB_DEVICE/App/usbd_desc.o
                0x08008a04                USBD_FS_DeviceDescriptor
 .text.USBD_FS_LangIDStrDescriptor
                0x08008a28       0x24 ./USB_DEVICE/App/usbd_desc.o
                0x08008a28                USBD_FS_LangIDStrDescriptor
 .text.USBD_FS_ProductStrDescriptor
                0x08008a4c       0x3c ./USB_DEVICE/App/usbd_desc.o
                0x08008a4c                USBD_FS_ProductStrDescriptor
 .text.USBD_FS_ManufacturerStrDescriptor
                0x08008a88       0x28 ./USB_DEVICE/App/usbd_desc.o
                0x08008a88                USBD_FS_ManufacturerStrDescriptor
 .text.USBD_FS_SerialStrDescriptor
                0x08008ab0       0x24 ./USB_DEVICE/App/usbd_desc.o
                0x08008ab0                USBD_FS_SerialStrDescriptor
 .text.USBD_FS_ConfigStrDescriptor
                0x08008ad4       0x3c ./USB_DEVICE/App/usbd_desc.o
                0x08008ad4                USBD_FS_ConfigStrDescriptor
 .text.USBD_FS_InterfaceStrDescriptor
                0x08008b10       0x3c ./USB_DEVICE/App/usbd_desc.o
                0x08008b10                USBD_FS_InterfaceStrDescriptor
 .text.Get_SerialNum
                0x08008b4c       0x58 ./USB_DEVICE/App/usbd_desc.o
 .text.IntToUnicode
                0x08008ba4       0x7c ./USB_DEVICE/App/usbd_desc.o
 .text.HAL_PCD_MspInit
                0x08008c20       0x5c ./USB_DEVICE/Target/usbd_conf.o
                0x08008c20                HAL_PCD_MspInit
 .text.HAL_PCD_SetupStageCallback
                0x08008c7c       0x24 ./USB_DEVICE/Target/usbd_conf.o
                0x08008c7c                HAL_PCD_SetupStageCallback
 .text.HAL_PCD_DataOutStageCallback
                0x08008ca0       0x36 ./USB_DEVICE/Target/usbd_conf.o
                0x08008ca0                HAL_PCD_DataOutStageCallback
 .text.HAL_PCD_DataInStageCallback
                0x08008cd6       0x34 ./USB_DEVICE/Target/usbd_conf.o
                0x08008cd6                HAL_PCD_DataInStageCallback
 .text.HAL_PCD_SOFCallback
                0x08008d0a       0x1c ./USB_DEVICE/Target/usbd_conf.o
                0x08008d0a                HAL_PCD_SOFCallback
 .text.HAL_PCD_ResetCallback
                0x08008d26       0x3c ./USB_DEVICE/Target/usbd_conf.o
                0x08008d26                HAL_PCD_ResetCallback
 *fill*         0x08008d62        0x2 
 .text.HAL_PCD_SuspendCallback
                0x08008d64       0x34 ./USB_DEVICE/Target/usbd_conf.o
                0x08008d64                HAL_PCD_SuspendCallback
 .text.HAL_PCD_ResumeCallback
                0x08008d98       0x1c ./USB_DEVICE/Target/usbd_conf.o
                0x08008d98                HAL_PCD_ResumeCallback
 .text.USBD_LL_Init
                0x08008db4       0xb4 ./USB_DEVICE/Target/usbd_conf.o
                0x08008db4                USBD_LL_Init
 .text.USBD_LL_Start
                0x08008e68       0x36 ./USB_DEVICE/Target/usbd_conf.o
                0x08008e68                USBD_LL_Start
 .text.USBD_LL_OpenEP
                0x08008e9e       0x4c ./USB_DEVICE/Target/usbd_conf.o
                0x08008e9e                USBD_LL_OpenEP
 .text.USBD_LL_CloseEP
                0x08008eea       0x3e ./USB_DEVICE/Target/usbd_conf.o
                0x08008eea                USBD_LL_CloseEP
 .text.USBD_LL_StallEP
                0x08008f28       0x3e ./USB_DEVICE/Target/usbd_conf.o
                0x08008f28                USBD_LL_StallEP
 .text.USBD_LL_ClearStallEP
                0x08008f66       0x3e ./USB_DEVICE/Target/usbd_conf.o
                0x08008f66                USBD_LL_ClearStallEP
 .text.USBD_LL_IsStallEP
                0x08008fa4       0x56 ./USB_DEVICE/Target/usbd_conf.o
                0x08008fa4                USBD_LL_IsStallEP
 .text.USBD_LL_SetUSBAddress
                0x08008ffa       0x3e ./USB_DEVICE/Target/usbd_conf.o
                0x08008ffa                USBD_LL_SetUSBAddress
 .text.USBD_LL_Transmit
                0x08009038       0x46 ./USB_DEVICE/Target/usbd_conf.o
                0x08009038                USBD_LL_Transmit
 .text.USBD_LL_PrepareReceive
                0x0800907e       0x46 ./USB_DEVICE/Target/usbd_conf.o
                0x0800907e                USBD_LL_PrepareReceive
 .text.USBD_LL_GetRxDataSize
                0x080090c4       0x26 ./USB_DEVICE/Target/usbd_conf.o
                0x080090c4                USBD_LL_GetRxDataSize
 *fill*         0x080090ea        0x2 
 .text.USBD_static_malloc
                0x080090ec       0x18 ./USB_DEVICE/Target/usbd_conf.o
                0x080090ec                USBD_static_malloc
 .text.USBD_static_free
                0x08009104       0x12 ./USB_DEVICE/Target/usbd_conf.o
                0x08009104                USBD_static_free
 .text.HAL_PCDEx_SetConnectionState
                0x08009116       0x16 ./USB_DEVICE/Target/usbd_conf.o
                0x08009116                HAL_PCDEx_SetConnectionState
 .text.USBD_Get_USB_Status
                0x0800912c       0x58 ./USB_DEVICE/Target/usbd_conf.o
 .text.memset   0x08009184       0x10 C:/ST/STM32CubeIDE_1.18.1/STM32CubeIDE/plugins/com.st.stm32cube.ide.mcu.externaltools.gnu-tools-for-stm32.13.3.rel1.win32_1.0.0.202411081344/tools/bin/../lib/gcc/arm-none-eabi/13.3.1/../../../../arm-none-eabi/lib/thumb/v7-m/nofp\libc_nano.a(libc_a-memset.o)
                0x08009184                memset
 .text.__libc_init_array
                0x08009194       0x48 C:/ST/STM32CubeIDE_1.18.1/STM32CubeIDE/plugins/com.st.stm32cube.ide.mcu.externaltools.gnu-tools-for-stm32.13.3.rel1.win32_1.0.0.202411081344/tools/bin/../lib/gcc/arm-none-eabi/13.3.1/../../../../arm-none-eabi/lib/thumb/v7-m/nofp\libc_nano.a(libc_a-init.o)
                0x08009194                __libc_init_array
 *(.glue_7)
 .glue_7        0x080091dc        0x0 linker stubs
 *(.glue_7t)
 .glue_7t       0x080091dc        0x0 linker stubs
 *(.eh_frame)
 .eh_frame      0x080091dc        0x0 C:/ST/STM32CubeIDE_1.18.1/STM32CubeIDE/plugins/com.st.stm32cube.ide.mcu.externaltools.gnu-tools-for-stm32.13.3.rel1.win32_1.0.0.202411081344/tools/bin/../lib/gcc/arm-none-eabi/13.3.1/thumb/v7-m/nofp/crtbegin.o
 *(.init)
 .init          0x080091dc        0x4 C:/ST/STM32CubeIDE_1.18.1/STM32CubeIDE/plugins/com.st.stm32cube.ide.mcu.externaltools.gnu-tools-for-stm32.13.3.rel1.win32_1.0.0.202411081344/tools/bin/../lib/gcc/arm-none-eabi/13.3.1/thumb/v7-m/nofp/crti.o
                0x080091dc                _init
 .init          0x080091e0        0x8 C:/ST/STM32CubeIDE_1.18.1/STM32CubeIDE/plugins/com.st.stm32cube.ide.mcu.externaltools.gnu-tools-for-stm32.13.3.rel1.win32_1.0.0.202411081344/tools/bin/../lib/gcc/arm-none-eabi/13.3.1/thumb/v7-m/nofp/crtn.o
 *(.fini)
 .fini          0x080091e8        0x4 C:/ST/STM32CubeIDE_1.18.1/STM32CubeIDE/plugins/com.st.stm32cube.ide.mcu.externaltools.gnu-tools-for-stm32.13.3.rel1.win32_1.0.0.202411081344/tools/bin/../lib/gcc/arm-none-eabi/13.3.1/thumb/v7-m/nofp/crti.o
                0x080091e8                _fini
 .fini          0x080091ec        0x8 C:/ST/STM32CubeIDE_1.18.1/STM32CubeIDE/plugins/com.st.stm32cube.ide.mcu.externaltools.gnu-tools-for-stm32.13.3.rel1.win32_1.0.0.202411081344/tools/bin/../lib/gcc/arm-none-eabi/13.3.1/thumb/v7-m/nofp/crtn.o
                0x080091f4                        . = ALIGN (0x4)
                0x080091f4                        _etext = .

.vfp11_veneer   0x080091f4        0x0
 .vfp11_veneer  0x080091f4        0x0 linker stubs

.v4_bx          0x080091f4        0x0
 .v4_bx         0x080091f4        0x0 linker stubs

.iplt           0x080091f4        0x0
 .iplt          0x080091f4        0x0 C:/ST/STM32CubeIDE_1.18.1/STM32CubeIDE/plugins/com.st.stm32cube.ide.mcu.externaltools.gnu-tools-for-stm32.13.3.rel1.win32_1.0.0.202411081344/tools/bin/../lib/gcc/arm-none-eabi/13.3.1/thumb/v7-m/nofp/crtbegin.o

.rodata         0x080091f4       0x68
                0x080091f4                        . = ALIGN (0x4)
 *(.rodata)
 .rodata        0x080091f4       0x42 ./USB_DEVICE/App/usbd_desc.o
 *(.rodata*)
 *fill*         0x08009236        0x2 
 .rodata.AHBPrescTable
                0x08009238       0x10 ./Core/Src/system_stm32f1xx.o
                0x08009238                AHBPrescTable
 .rodata.aPLLMULFactorTable.1
                0x08009248       0x10 ./Drivers/STM32F1xx_HAL_Driver/Src/stm32f1xx_hal_rcc.o
 .rodata.aPredivFactorTable.0
                0x08009258        0x2 ./Drivers/STM32F1xx_HAL_Driver/Src/stm32f1xx_hal_rcc.o
                0x0800925c                        . = ALIGN (0x4)
 *fill*         0x0800925a        0x2 

.ARM.extab      0x0800925c        0x0
                0x0800925c                        . = ALIGN (0x4)
 *(.ARM.extab* .gnu.linkonce.armextab.*)
                0x0800925c                        . = ALIGN (0x4)

.ARM            0x0800925c        0x0
                0x0800925c                        . = ALIGN (0x4)
                0x0800925c                        __exidx_start = .
 *(.ARM.exidx*)
                0x0800925c                        __exidx_end = .
                0x0800925c                        . = ALIGN (0x4)

.preinit_array  0x0800925c        0x0
                0x0800925c                        . = ALIGN (0x4)
                0x0800925c                        PROVIDE (__preinit_array_start = .)
 *(.preinit_array*)
                0x0800925c                        PROVIDE (__preinit_array_end = .)
                0x0800925c                        . = ALIGN (0x4)

.init_array     0x0800925c        0x4
                0x0800925c                        . = ALIGN (0x4)
                0x0800925c                        PROVIDE (__init_array_start = .)
 *(SORT_BY_NAME(.init_array.*))
 *(.init_array*)
 .init_array    0x0800925c        0x4 C:/ST/STM32CubeIDE_1.18.1/STM32CubeIDE/plugins/com.st.stm32cube.ide.mcu.externaltools.gnu-tools-for-stm32.13.3.rel1.win32_1.0.0.202411081344/tools/bin/../lib/gcc/arm-none-eabi/13.3.1/thumb/v7-m/nofp/crtbegin.o
                0x08009260                        PROVIDE (__init_array_end = .)
                0x08009260                        . = ALIGN (0x4)

.fini_array     0x08009260        0x4
                0x08009260                        . = ALIGN (0x4)
                [!provide]                        PROVIDE (__fini_array_start = .)
 *(SORT_BY_NAME(.fini_array.*))
 *(.fini_array*)
 .fini_array    0x08009260        0x4 C:/ST/STM32CubeIDE_1.18.1/STM32CubeIDE/plugins/com.st.stm32cube.ide.mcu.externaltools.gnu-tools-for-stm32.13.3.rel1.win32_1.0.0.202411081344/tools/bin/../lib/gcc/arm-none-eabi/13.3.1/thumb/v7-m/nofp/crtbegin.o
                [!provide]                        PROVIDE (__fini_array_end = .)
                0x08009264                        . = ALIGN (0x4)
                0x08009264                        _sidata = LOADADDR (.data)

.rel.dyn        0x08009264        0x0
 .rel.iplt      0x08009264        0x0 C:/ST/STM32CubeIDE_1.18.1/STM32CubeIDE/plugins/com.st.stm32cube.ide.mcu.externaltools.gnu-tools-for-stm32.13.3.rel1.win32_1.0.0.202411081344/tools/bin/../lib/gcc/arm-none-eabi/13.3.1/thumb/v7-m/nofp/crtbegin.o

.data           0x20000000      0x17c load address 0x08009264
                0x20000000                        . = ALIGN (0x4)
                0x20000000                        _sdata = .
 *(.data)
 *(.data*)
 .data.SystemCoreClock
                0x20000000        0x4 ./Core/Src/system_stm32f1xx.o
                0x20000000                SystemCoreClock
 .data.uwTickPrio
                0x20000004        0x4 ./Drivers/STM32F1xx_HAL_Driver/Src/stm32f1xx_hal.o
                0x20000004                uwTickPrio
 .data.uwTickFreq
                0x20000008        0x1 ./Drivers/STM32F1xx_HAL_Driver/Src/stm32f1xx_hal.o
                0x20000008                uwTickFreq
 *fill*         0x20000009        0x3 
 .data.USBD_CDC_DeviceQualifierDesc
                0x2000000c        0xa ./Middlewares/ST/STM32_USB_Device_Library/Class/CDC/Src/usbd_cdc.o
 *fill*         0x20000016        0x2 
 .data.USBD_CDC
                0x20000018       0x38 ./Middlewares/ST/STM32_USB_Device_Library/Class/CDC/Src/usbd_cdc.o
                0x20000018                USBD_CDC
 .data.USBD_CDC_CfgHSDesc
                0x20000050       0x43 ./Middlewares/ST/STM32_USB_Device_Library/Class/CDC/Src/usbd_cdc.o
                0x20000050                USBD_CDC_CfgHSDesc
 *fill*         0x20000093        0x1 
 .data.USBD_CDC_CfgFSDesc
                0x20000094       0x43 ./Middlewares/ST/STM32_USB_Device_Library/Class/CDC/Src/usbd_cdc.o
                0x20000094                USBD_CDC_CfgFSDesc
 *fill*         0x200000d7        0x1 
 .data.USBD_CDC_OtherSpeedCfgDesc
                0x200000d8       0x43 ./Middlewares/ST/STM32_USB_Device_Library/Class/CDC/Src/usbd_cdc.o
                0x200000d8                USBD_CDC_OtherSpeedCfgDesc
 *fill*         0x2000011b        0x1 
 .data.USBD_Interface_fops_FS
                0x2000011c       0x10 ./USB_DEVICE/App/usbd_cdc_if.o
                0x2000011c                USBD_Interface_fops_FS
 .data.FS_Desc  0x2000012c       0x1c ./USB_DEVICE/App/usbd_desc.o
                0x2000012c                FS_Desc
 .data.USBD_FS_DeviceDesc
                0x20000148       0x12 ./USB_DEVICE/App/usbd_desc.o
                0x20000148                USBD_FS_DeviceDesc
 *fill*         0x2000015a        0x2 
 .data.USBD_LangIDDesc
                0x2000015c        0x4 ./USB_DEVICE/App/usbd_desc.o
                0x2000015c                USBD_LangIDDesc
 .data.USBD_StringSerial
                0x20000160       0x1a ./USB_DEVICE/App/usbd_desc.o
                0x20000160                USBD_StringSerial
 *(.RamFunc)
 *(.RamFunc*)
                0x2000017c                        . = ALIGN (0x4)
 *fill*         0x2000017a        0x2 
                0x2000017c                        _edata = .

.igot.plt       0x2000017c        0x0 load address 0x080093e0
 .igot.plt      0x2000017c        0x0 C:/ST/STM32CubeIDE_1.18.1/STM32CubeIDE/plugins/com.st.stm32cube.ide.mcu.externaltools.gnu-tools-for-stm32.13.3.rel1.win32_1.0.0.202411081344/tools/bin/../lib/gcc/arm-none-eabi/13.3.1/thumb/v7-m/nofp/crtbegin.o
                0x2000017c                        . = ALIGN (0x4)

.bss            0x2000017c     0x12ec load address 0x080093e0
                0x2000017c                        _sbss = .
                0x2000017c                        __bss_start__ = _sbss
 *(.bss)
 .bss           0x2000017c       0x1c C:/ST/STM32CubeIDE_1.18.1/STM32CubeIDE/plugins/com.st.stm32cube.ide.mcu.externaltools.gnu-tools-for-stm32.13.3.rel1.win32_1.0.0.202411081344/tools/bin/../lib/gcc/arm-none-eabi/13.3.1/thumb/v7-m/nofp/crtbegin.o
 *(.bss*)
 .bss.opt       0x20000198        0x4 ./Core/Src/adc.o
 .bss.hadc1     0x2000019c       0x30 ./Core/Src/main.o
                0x2000019c                hadc1
 .bss.hdma_adc1
                0x200001cc       0x44 ./Core/Src/main.o
                0x200001cc                hdma_adc1
 .bss.htim3     0x20000210       0x48 ./Core/Src/main.o
                0x20000210                htim3
 .bss.adc_opt   0x20000258       0x4c ./Core/Src/main.o
                0x20000258                adc_opt
 .bss.uwTick    0x200002a4        0x4 ./Drivers/STM32F1xx_HAL_Driver/Src/stm32f1xx_hal.o
                0x200002a4                uwTick
 .bss.cfgidx.0  0x200002a8        0x1 ./Middlewares/ST/STM32_USB_Device_Library/Core/Src/usbd_ctlreq.o
 *fill*         0x200002a9        0x3 
 .bss.hUsbDeviceFS
                0x200002ac      0x2c4 ./USB_DEVICE/App/usb_device.o
                0x200002ac                hUsbDeviceFS
 .bss.UserRxBufferFS
                0x20000570      0x400 ./USB_DEVICE/App/usbd_cdc_if.o
                0x20000570                UserRxBufferFS
 .bss.UserTxBufferFS
                0x20000970      0x400 ./USB_DEVICE/App/usbd_cdc_if.o
                0x20000970                UserTxBufferFS
 .bss.USBD_StrDesc
                0x20000d70      0x200 ./USB_DEVICE/App/usbd_desc.o
                0x20000d70                USBD_StrDesc
 .bss.hpcd_USB_FS
                0x20000f70      0x2d8 ./USB_DEVICE/Target/usbd_conf.o
                0x20000f70                hpcd_USB_FS
 .bss.mem.0     0x20001248      0x220 ./USB_DEVICE/Target/usbd_conf.o
 *(COMMON)
                0x20001468                        . = ALIGN (0x4)
                0x20001468                        _ebss = .
                0x20001468                        __bss_end__ = _ebss

._user_heap_stack
                0x20001468      0x600 load address 0x080093e0
                0x20001468                        . = ALIGN (0x8)
                [!provide]                        PROVIDE (end = .)
                0x20001468                        PROVIDE (_end = .)
                0x20001668                        . = (. + _Min_Heap_Size)
 *fill*         0x20001468      0x200 
                0x20001a68                        . = (. + _Min_Stack_Size)
 *fill*         0x20001668      0x400 
                0x20001a68                        . = ALIGN (0x8)

/DISCARD/
 libc.a(*)
 libm.a(*)
 libgcc.a(*)

.ARM.attributes
                0x00000000       0x29
 *(.ARM.attributes)
 .ARM.attributes
                0x00000000       0x1d C:/ST/STM32CubeIDE_1.18.1/STM32CubeIDE/plugins/com.st.stm32cube.ide.mcu.externaltools.gnu-tools-for-stm32.13.3.rel1.win32_1.0.0.202411081344/tools/bin/../lib/gcc/arm-none-eabi/13.3.1/thumb/v7-m/nofp/crti.o
 .ARM.attributes
                0x0000001d       0x2d C:/ST/STM32CubeIDE_1.18.1/STM32CubeIDE/plugins/com.st.stm32cube.ide.mcu.externaltools.gnu-tools-for-stm32.13.3.rel1.win32_1.0.0.202411081344/tools/bin/../lib/gcc/arm-none-eabi/13.3.1/thumb/v7-m/nofp/crtbegin.o
 .ARM.attributes
                0x0000004a       0x2d ./Core/Src/adc.o
 .ARM.attributes
                0x00000077       0x2d ./Core/Src/main.o
 .ARM.attributes
                0x000000a4       0x2d ./Core/Src/stm32f1xx_hal_msp.o
 .ARM.attributes
                0x000000d1       0x2d ./Core/Src/stm32f1xx_it.o
 .ARM.attributes
                0x000000fe       0x2d ./Core/Src/system_stm32f1xx.o
 .ARM.attributes
                0x0000012b       0x21 ./Core/Startup/startup_stm32f103c8tx.o
 .ARM.attributes
                0x0000014c       0x2d ./Drivers/STM32F1xx_HAL_Driver/Src/stm32f1xx_hal.o
 .ARM.attributes
                0x00000179       0x2d ./Drivers/STM32F1xx_HAL_Driver/Src/stm32f1xx_hal_adc.o
 .ARM.attributes
                0x000001a6       0x2d ./Drivers/STM32F1xx_HAL_Driver/Src/stm32f1xx_hal_adc_ex.o
 .ARM.attributes
                0x000001d3       0x2d ./Drivers/STM32F1xx_HAL_Driver/Src/stm32f1xx_hal_cortex.o
 .ARM.attributes
                0x00000200       0x2d ./Drivers/STM32F1xx_HAL_Driver/Src/stm32f1xx_hal_dma.o
 .ARM.attributes
                0x0000022d       0x2d ./Drivers/STM32F1xx_HAL_Driver/Src/stm32f1xx_hal_gpio.o
 .ARM.attributes
                0x0000025a       0x2d ./Drivers/STM32F1xx_HAL_Driver/Src/stm32f1xx_hal_pcd.o
 .ARM.attributes
                0x00000287       0x2d ./Drivers/STM32F1xx_HAL_Driver/Src/stm32f1xx_hal_pcd_ex.o
 .ARM.attributes
                0x000002b4       0x2d ./Drivers/STM32F1xx_HAL_Driver/Src/stm32f1xx_hal_rcc.o
 .ARM.attributes
                0x000002e1       0x2d ./Drivers/STM32F1xx_HAL_Driver/Src/stm32f1xx_hal_rcc_ex.o
 .ARM.attributes
                0x0000030e       0x2d ./Drivers/STM32F1xx_HAL_Driver/Src/stm32f1xx_hal_tim.o
 .ARM.attributes
                0x0000033b       0x2d ./Drivers/STM32F1xx_HAL_Driver/Src/stm32f1xx_hal_tim_ex.o
 .ARM.attributes
                0x00000368       0x2d ./Drivers/STM32F1xx_HAL_Driver/Src/stm32f1xx_ll_usb.o
 .ARM.attributes
                0x00000395       0x2d ./Middlewares/ST/STM32_USB_Device_Library/Class/CDC/Src/usbd_cdc.o
 .ARM.attributes
                0x000003c2       0x2d ./Middlewares/ST/STM32_USB_Device_Library/Core/Src/usbd_core.o
 .ARM.attributes
                0x000003ef       0x2d ./Middlewares/ST/STM32_USB_Device_Library/Core/Src/usbd_ctlreq.o
 .ARM.attributes
                0x0000041c       0x2d ./Middlewares/ST/STM32_USB_Device_Library/Core/Src/usbd_ioreq.o
 .ARM.attributes
                0x00000449       0x2d ./USB_DEVICE/App/usb_device.o
 .ARM.attributes
                0x00000476       0x2d ./USB_DEVICE/App/usbd_cdc_if.o
 .ARM.attributes
                0x000004a3       0x2d ./USB_DEVICE/App/usbd_desc.o
 .ARM.attributes
                0x000004d0       0x2d ./USB_DEVICE/Target/usbd_conf.o
 .ARM.attributes
                0x000004fd       0x2d C:/ST/STM32CubeIDE_1.18.1/STM32CubeIDE/plugins/com.st.stm32cube.ide.mcu.externaltools.gnu-tools-for-stm32.13.3.rel1.win32_1.0.0.202411081344/tools/bin/../lib/gcc/arm-none-eabi/13.3.1/../../../../arm-none-eabi/lib/thumb/v7-m/nofp\libc_nano.a(libc_a-memset.o)
 .ARM.attributes
                0x0000052a       0x2d C:/ST/STM32CubeIDE_1.18.1/STM32CubeIDE/plugins/com.st.stm32cube.ide.mcu.externaltools.gnu-tools-for-stm32.13.3.rel1.win32_1.0.0.202411081344/tools/bin/../lib/gcc/arm-none-eabi/13.3.1/../../../../arm-none-eabi/lib/thumb/v7-m/nofp\libc_nano.a(libc_a-init.o)
 .ARM.attributes
                0x00000557       0x1d C:/ST/STM32CubeIDE_1.18.1/STM32CubeIDE/plugins/com.st.stm32cube.ide.mcu.externaltools.gnu-tools-for-stm32.13.3.rel1.win32_1.0.0.202411081344/tools/bin/../lib/gcc/arm-none-eabi/13.3.1/thumb/v7-m/nofp/crtn.o
OUTPUT(adc2usb.elf elf32-littlearm)
LOAD linker stubs
LOAD C:/ST/STM32CubeIDE_1.18.1/STM32CubeIDE/plugins/com.st.stm32cube.ide.mcu.externaltools.gnu-tools-for-stm32.13.3.rel1.win32_1.0.0.202411081344/tools/bin/../lib/gcc/arm-none-eabi/13.3.1/../../../../arm-none-eabi/lib/thumb/v7-m/nofp\libc.a
LOAD C:/ST/STM32CubeIDE_1.18.1/STM32CubeIDE/plugins/com.st.stm32cube.ide.mcu.externaltools.gnu-tools-for-stm32.13.3.rel1.win32_1.0.0.202411081344/tools/bin/../lib/gcc/arm-none-eabi/13.3.1/../../../../arm-none-eabi/lib/thumb/v7-m/nofp\libm.a
LOAD C:/ST/STM32CubeIDE_1.18.1/STM32CubeIDE/plugins/com.st.stm32cube.ide.mcu.externaltools.gnu-tools-for-stm32.13.3.rel1.win32_1.0.0.202411081344/tools/bin/../lib/gcc/arm-none-eabi/13.3.1/thumb/v7-m/nofp\libgcc.a

.debug_info     0x00000000    0x141c1
 .debug_info    0x00000000      0xa57 ./Core/Src/adc.o
 .debug_info    0x00000a57     0x1064 ./Core/Src/main.o
 .debug_info    0x00001abb      0xd4f ./Core/Src/stm32f1xx_hal_msp.o
 .debug_info    0x0000280a      0xe04 ./Core/Src/stm32f1xx_it.o
 .debug_info    0x0000360e      0x222 ./Core/Src/system_stm32f1xx.o
 .debug_info    0x00003830       0x30 ./Core/Startup/startup_stm32f103c8tx.o
 .debug_info    0x00003860      0x704 ./Drivers/STM32F1xx_HAL_Driver/Src/stm32f1xx_hal.o
 .debug_info    0x00003f64      0xc50 ./Drivers/STM32F1xx_HAL_Driver/Src/stm32f1xx_hal_adc.o
 .debug_info    0x00004bb4      0xa10 ./Drivers/STM32F1xx_HAL_Driver/Src/stm32f1xx_hal_adc_ex.o
 .debug_info    0x000055c4      0xa87 ./Drivers/STM32F1xx_HAL_Driver/Src/stm32f1xx_hal_cortex.o
 .debug_info    0x0000604b      0x6d2 ./Drivers/STM32F1xx_HAL_Driver/Src/stm32f1xx_hal_dma.o
 .debug_info    0x0000671d      0x5ab ./Drivers/STM32F1xx_HAL_Driver/Src/stm32f1xx_hal_gpio.o
 .debug_info    0x00006cc8     0x16dc ./Drivers/STM32F1xx_HAL_Driver/Src/stm32f1xx_hal_pcd.o
 .debug_info    0x000083a4      0x6c3 ./Drivers/STM32F1xx_HAL_Driver/Src/stm32f1xx_hal_pcd_ex.o
 .debug_info    0x00008a67      0x7d5 ./Drivers/STM32F1xx_HAL_Driver/Src/stm32f1xx_hal_rcc.o
 .debug_info    0x0000923c      0x3c0 ./Drivers/STM32F1xx_HAL_Driver/Src/stm32f1xx_hal_rcc_ex.o
 .debug_info    0x000095fc     0x2959 ./Drivers/STM32F1xx_HAL_Driver/Src/stm32f1xx_hal_tim.o
 .debug_info    0x0000bf55     0x149b ./Drivers/STM32F1xx_HAL_Driver/Src/stm32f1xx_hal_tim_ex.o
 .debug_info    0x0000d3f0     0x17ae ./Drivers/STM32F1xx_HAL_Driver/Src/stm32f1xx_ll_usb.o
 .debug_info    0x0000eb9e     0x1043 ./Middlewares/ST/STM32_USB_Device_Library/Class/CDC/Src/usbd_cdc.o
 .debug_info    0x0000fbe1      0xa52 ./Middlewares/ST/STM32_USB_Device_Library/Core/Src/usbd_core.o
 .debug_info    0x00010633      0x91c ./Middlewares/ST/STM32_USB_Device_Library/Core/Src/usbd_ctlreq.o
 .debug_info    0x00010f4f      0x6a0 ./Middlewares/ST/STM32_USB_Device_Library/Core/Src/usbd_ioreq.o
 .debug_info    0x000115ef      0x735 ./USB_DEVICE/App/usb_device.o
 .debug_info    0x00011d24      0x7ec ./USB_DEVICE/App/usbd_cdc_if.o
 .debug_info    0x00012510      0x44a ./USB_DEVICE/App/usbd_desc.o
 .debug_info    0x0001295a     0x1867 ./USB_DEVICE/Target/usbd_conf.o

.debug_abbrev   0x00000000     0x394f
 .debug_abbrev  0x00000000      0x1f0 ./Core/Src/adc.o
 .debug_abbrev  0x000001f0      0x2ce ./Core/Src/main.o
 .debug_abbrev  0x000004be      0x215 ./Core/Src/stm32f1xx_hal_msp.o
 .debug_abbrev  0x000006d3      0x1df ./Core/Src/stm32f1xx_it.o
 .debug_abbrev  0x000008b2      0x13f ./Core/Src/system_stm32f1xx.o
 .debug_abbrev  0x000009f1       0x24 ./Core/Startup/startup_stm32f103c8tx.o
 .debug_abbrev  0x00000a15      0x201 ./Drivers/STM32F1xx_HAL_Driver/Src/stm32f1xx_hal.o
 .debug_abbrev  0x00000c16      0x225 ./Drivers/STM32F1xx_HAL_Driver/Src/stm32f1xx_hal_adc.o
 .debug_abbrev  0x00000e3b      0x249 ./Drivers/STM32F1xx_HAL_Driver/Src/stm32f1xx_hal_adc_ex.o
 .debug_abbrev  0x00001084      0x2f8 ./Drivers/STM32F1xx_HAL_Driver/Src/stm32f1xx_hal_cortex.o
 .debug_abbrev  0x0000137c      0x20b ./Drivers/STM32F1xx_HAL_Driver/Src/stm32f1xx_hal_dma.o
 .debug_abbrev  0x00001587      0x1ca ./Drivers/STM32F1xx_HAL_Driver/Src/stm32f1xx_hal_gpio.o
 .debug_abbrev  0x00001751      0x2d6 ./Drivers/STM32F1xx_HAL_Driver/Src/stm32f1xx_hal_pcd.o
 .debug_abbrev  0x00001a27      0x189 ./Drivers/STM32F1xx_HAL_Driver/Src/stm32f1xx_hal_pcd_ex.o
 .debug_abbrev  0x00001bb0      0x2b3 ./Drivers/STM32F1xx_HAL_Driver/Src/stm32f1xx_hal_rcc.o
 .debug_abbrev  0x00001e63      0x188 ./Drivers/STM32F1xx_HAL_Driver/Src/stm32f1xx_hal_rcc_ex.o
 .debug_abbrev  0x00001feb      0x277 ./Drivers/STM32F1xx_HAL_Driver/Src/stm32f1xx_hal_tim.o
 .debug_abbrev  0x00002262      0x282 ./Drivers/STM32F1xx_HAL_Driver/Src/stm32f1xx_hal_tim_ex.o
 .debug_abbrev  0x000024e4      0x1de ./Drivers/STM32F1xx_HAL_Driver/Src/stm32f1xx_ll_usb.o
 .debug_abbrev  0x000026c2      0x2d3 ./Middlewares/ST/STM32_USB_Device_Library/Class/CDC/Src/usbd_cdc.o
 .debug_abbrev  0x00002995      0x24a ./Middlewares/ST/STM32_USB_Device_Library/Core/Src/usbd_core.o
 .debug_abbrev  0x00002bdf      0x26b ./Middlewares/ST/STM32_USB_Device_Library/Core/Src/usbd_ctlreq.o
 .debug_abbrev  0x00002e4a      0x192 ./Middlewares/ST/STM32_USB_Device_Library/Core/Src/usbd_ioreq.o
 .debug_abbrev  0x00002fdc      0x201 ./USB_DEVICE/App/usb_device.o
 .debug_abbrev  0x000031dd      0x25d ./USB_DEVICE/App/usbd_cdc_if.o
 .debug_abbrev  0x0000343a      0x1ff ./USB_DEVICE/App/usbd_desc.o
 .debug_abbrev  0x00003639      0x316 ./USB_DEVICE/Target/usbd_conf.o

.debug_aranges  0x00000000     0x1238
 .debug_aranges
                0x00000000       0x38 ./Core/Src/adc.o
 .debug_aranges
                0x00000038       0x50 ./Core/Src/main.o
 .debug_aranges
                0x00000088       0x40 ./Core/Src/stm32f1xx_hal_msp.o
 .debug_aranges
                0x000000c8       0x88 ./Core/Src/stm32f1xx_it.o
 .debug_aranges
                0x00000150       0x28 ./Core/Src/system_stm32f1xx.o
 .debug_aranges
                0x00000178       0x28 ./Core/Startup/startup_stm32f103c8tx.o
 .debug_aranges
                0x000001a0       0xe0 ./Drivers/STM32F1xx_HAL_Driver/Src/stm32f1xx_hal.o
 .debug_aranges
                0x00000280       0xf0 ./Drivers/STM32F1xx_HAL_Driver/Src/stm32f1xx_hal_adc.o
 .debug_aranges
                0x00000370       0x80 ./Drivers/STM32F1xx_HAL_Driver/Src/stm32f1xx_hal_adc_ex.o
 .debug_aranges
                0x000003f0      0x100 ./Drivers/STM32F1xx_HAL_Driver/Src/stm32f1xx_hal_cortex.o
 .debug_aranges
                0x000004f0       0x80 ./Drivers/STM32F1xx_HAL_Driver/Src/stm32f1xx_hal_dma.o
 .debug_aranges
                0x00000570       0x58 ./Drivers/STM32F1xx_HAL_Driver/Src/stm32f1xx_hal_gpio.o
 .debug_aranges
                0x000005c8      0x140 ./Drivers/STM32F1xx_HAL_Driver/Src/stm32f1xx_hal_pcd.o
 .debug_aranges
                0x00000708       0x38 ./Drivers/STM32F1xx_HAL_Driver/Src/stm32f1xx_hal_pcd_ex.o
 .debug_aranges
                0x00000740       0x90 ./Drivers/STM32F1xx_HAL_Driver/Src/stm32f1xx_hal_rcc.o
 .debug_aranges
                0x000007d0       0x30 ./Drivers/STM32F1xx_HAL_Driver/Src/stm32f1xx_hal_rcc_ex.o
 .debug_aranges
                0x00000800      0x3d0 ./Drivers/STM32F1xx_HAL_Driver/Src/stm32f1xx_hal_tim.o
 .debug_aranges
                0x00000bd0      0x168 ./Drivers/STM32F1xx_HAL_Driver/Src/stm32f1xx_hal_tim_ex.o
 .debug_aranges
                0x00000d38       0xf8 ./Drivers/STM32F1xx_HAL_Driver/Src/stm32f1xx_ll_usb.o
 .debug_aranges
                0x00000e30       0x90 ./Middlewares/ST/STM32_USB_Device_Library/Class/CDC/Src/usbd_cdc.o
 .debug_aranges
                0x00000ec0       0xb8 ./Middlewares/ST/STM32_USB_Device_Library/Core/Src/usbd_core.o
 .debug_aranges
                0x00000f78       0x88 ./Middlewares/ST/STM32_USB_Device_Library/Core/Src/usbd_ctlreq.o
 .debug_aranges
                0x00001000       0x50 ./Middlewares/ST/STM32_USB_Device_Library/Core/Src/usbd_ioreq.o
 .debug_aranges
                0x00001050       0x30 ./USB_DEVICE/App/usb_device.o
 .debug_aranges
                0x00001080       0x40 ./USB_DEVICE/App/usbd_cdc_if.o
 .debug_aranges
                0x000010c0       0x60 ./USB_DEVICE/App/usbd_desc.o
 .debug_aranges
                0x00001120      0x118 ./USB_DEVICE/Target/usbd_conf.o

.debug_rnglists
                0x00000000      0xdd3
 .debug_rnglists
                0x00000000       0x26 ./Core/Src/adc.o
 .debug_rnglists
                0x00000026       0x3a ./Core/Src/main.o
 .debug_rnglists
                0x00000060       0x2c ./Core/Src/stm32f1xx_hal_msp.o
 .debug_rnglists
                0x0000008c       0x61 ./Core/Src/stm32f1xx_it.o
 .debug_rnglists
                0x000000ed       0x1a ./Core/Src/system_stm32f1xx.o
 .debug_rnglists
                0x00000107       0x19 ./Core/Startup/startup_stm32f103c8tx.o
 .debug_rnglists
                0x00000120       0xa3 ./Drivers/STM32F1xx_HAL_Driver/Src/stm32f1xx_hal.o
 .debug_rnglists
                0x000001c3       0xbc ./Drivers/STM32F1xx_HAL_Driver/Src/stm32f1xx_hal_adc.o
 .debug_rnglists
                0x0000027f       0x65 ./Drivers/STM32F1xx_HAL_Driver/Src/stm32f1xx_hal_adc_ex.o
 .debug_rnglists
                0x000002e4       0xbb ./Drivers/STM32F1xx_HAL_Driver/Src/stm32f1xx_hal_cortex.o
 .debug_rnglists
                0x0000039f       0x64 ./Drivers/STM32F1xx_HAL_Driver/Src/stm32f1xx_hal_dma.o
 .debug_rnglists
                0x00000403       0x3f ./Drivers/STM32F1xx_HAL_Driver/Src/stm32f1xx_hal_gpio.o
 .debug_rnglists
                0x00000442       0xf4 ./Drivers/STM32F1xx_HAL_Driver/Src/stm32f1xx_hal_pcd.o
 .debug_rnglists
                0x00000536       0x26 ./Drivers/STM32F1xx_HAL_Driver/Src/stm32f1xx_hal_pcd_ex.o
 .debug_rnglists
                0x0000055c       0x6c ./Drivers/STM32F1xx_HAL_Driver/Src/stm32f1xx_hal_rcc.o
 .debug_rnglists
                0x000005c8       0x21 ./Drivers/STM32F1xx_HAL_Driver/Src/stm32f1xx_hal_rcc_ex.o
 .debug_rnglists
                0x000005e9      0x31a ./Drivers/STM32F1xx_HAL_Driver/Src/stm32f1xx_hal_tim.o
 .debug_rnglists
                0x00000903      0x125 ./Drivers/STM32F1xx_HAL_Driver/Src/stm32f1xx_hal_tim_ex.o
 .debug_rnglists
                0x00000a28       0xbd ./Drivers/STM32F1xx_HAL_Driver/Src/stm32f1xx_ll_usb.o
 .debug_rnglists
                0x00000ae5       0x6a ./Middlewares/ST/STM32_USB_Device_Library/Class/CDC/Src/usbd_cdc.o
 .debug_rnglists
                0x00000b4f       0x89 ./Middlewares/ST/STM32_USB_Device_Library/Core/Src/usbd_core.o
 .debug_rnglists
                0x00000bd8       0x68 ./Middlewares/ST/STM32_USB_Device_Library/Core/Src/usbd_ctlreq.o
 .debug_rnglists
                0x00000c40       0x37 ./Middlewares/ST/STM32_USB_Device_Library/Core/Src/usbd_ioreq.o
 .debug_rnglists
                0x00000c77       0x1f ./USB_DEVICE/App/usb_device.o
 .debug_rnglists
                0x00000c96       0x2c ./USB_DEVICE/App/usbd_cdc_if.o
 .debug_rnglists
                0x00000cc2       0x43 ./USB_DEVICE/App/usbd_desc.o
 .debug_rnglists
                0x00000d05       0xce ./USB_DEVICE/Target/usbd_conf.o

.debug_macro    0x00000000    0x1b035
 .debug_macro   0x00000000      0x398 ./Core/Src/adc.o
 .debug_macro   0x00000398      0xacc ./Core/Src/adc.o
 .debug_macro   0x00000e64      0x227 ./Core/Src/adc.o
 .debug_macro   0x0000108b       0x2e ./Core/Src/adc.o
 .debug_macro   0x000010b9       0x22 ./Core/Src/adc.o
 .debug_macro   0x000010db       0x22 ./Core/Src/adc.o
 .debug_macro   0x000010fd       0x8e ./Core/Src/adc.o
 .debug_macro   0x0000118b       0x51 ./Core/Src/adc.o
 .debug_macro   0x000011dc      0x103 ./Core/Src/adc.o
 .debug_macro   0x000012df       0x6a ./Core/Src/adc.o
 .debug_macro   0x00001349      0x1df ./Core/Src/adc.o
 .debug_macro   0x00001528       0x1c ./Core/Src/adc.o
 .debug_macro   0x00001544       0x22 ./Core/Src/adc.o
 .debug_macro   0x00001566       0xbd ./Core/Src/adc.o
 .debug_macro   0x00001623      0xd23 ./Core/Src/adc.o
 .debug_macro   0x00002346     0xe09e ./Core/Src/adc.o
 .debug_macro   0x000103e4       0x6d ./Core/Src/adc.o
 .debug_macro   0x00010451     0x34a2 ./Core/Src/adc.o
 .debug_macro   0x000138f3      0x190 ./Core/Src/adc.o
 .debug_macro   0x00013a83       0x5c ./Core/Src/adc.o
 .debug_macro   0x00013adf      0x5bc ./Core/Src/adc.o
 .debug_macro   0x0001409b      0x289 ./Core/Src/adc.o
 .debug_macro   0x00014324      0x1cb ./Core/Src/adc.o
 .debug_macro   0x000144ef      0x114 ./Core/Src/adc.o
 .debug_macro   0x00014603      0x1b2 ./Core/Src/adc.o
 .debug_macro   0x000147b5       0x27 ./Core/Src/adc.o
 .debug_macro   0x000147dc      0x136 ./Core/Src/adc.o
 .debug_macro   0x00014912      0x1bc ./Core/Src/adc.o
 .debug_macro   0x00014ace       0x34 ./Core/Src/adc.o
 .debug_macro   0x00014b02       0x3c ./Core/Src/adc.o
 .debug_macro   0x00014b3e       0x57 ./Core/Src/adc.o
 .debug_macro   0x00014b95      0x46a ./Core/Src/adc.o
 .debug_macro   0x00014fff      0x1b5 ./Core/Src/adc.o
 .debug_macro   0x000151b4       0x87 ./Core/Src/adc.o
 .debug_macro   0x0001523b      0x240 ./Core/Src/adc.o
 .debug_macro   0x0001547b      0x140 ./Core/Src/adc.o
 .debug_macro   0x000155bb      0x8ed ./Core/Src/adc.o
 .debug_macro   0x00015ea8       0xb7 ./Core/Src/adc.o
 .debug_macro   0x00015f5f      0x242 ./Core/Src/adc.o
 .debug_macro   0x000161a1       0x83 ./Core/Src/adc.o
 .debug_macro   0x00016224       0x61 ./Core/Src/adc.o
 .debug_macro   0x00016285       0x24 ./Core/Src/adc.o
 .debug_macro   0x000162a9       0x43 ./Core/Src/adc.o
 .debug_macro   0x000162ec       0x34 ./Core/Src/adc.o
 .debug_macro   0x00016320       0x16 ./Core/Src/adc.o
 .debug_macro   0x00016336       0x3c ./Core/Src/adc.o
 .debug_macro   0x00016372      0x370 ./Core/Src/adc.o
 .debug_macro   0x000166e2       0x10 ./Core/Src/adc.o
 .debug_macro   0x000166f2       0x16 ./Core/Src/adc.o
 .debug_macro   0x00016708       0x4a ./Core/Src/adc.o
 .debug_macro   0x00016752       0x34 ./Core/Src/adc.o
 .debug_macro   0x00016786       0x10 ./Core/Src/adc.o
 .debug_macro   0x00016796       0x58 ./Core/Src/adc.o
 .debug_macro   0x000167ee       0x8e ./Core/Src/adc.o
 .debug_macro   0x0001687c       0x1c ./Core/Src/adc.o
 .debug_macro   0x00016898      0x185 ./Core/Src/adc.o
 .debug_macro   0x00016a1d       0x16 ./Core/Src/adc.o
 .debug_macro   0x00016a33       0x16 ./Core/Src/adc.o
 .debug_macro   0x00016a49      0x146 ./Core/Src/adc.o
 .debug_macro   0x00016b8f       0x16 ./Core/Src/adc.o
 .debug_macro   0x00016ba5       0x16 ./Core/Src/adc.o
 .debug_macro   0x00016bbb       0x29 ./Core/Src/adc.o
 .debug_macro   0x00016be4       0x16 ./Core/Src/adc.o
 .debug_macro   0x00016bfa       0x20 ./Core/Src/adc.o
 .debug_macro   0x00016c1a       0x5f ./Core/Src/adc.o
 .debug_macro   0x00016c79      0x1c8 ./Core/Src/adc.o
 .debug_macro   0x00016e41       0x8f ./Core/Src/adc.o
 .debug_macro   0x00016ed0       0x10 ./Core/Src/adc.o
 .debug_macro   0x00016ee0       0x16 ./Core/Src/adc.o
 .debug_macro   0x00016ef6      0x398 ./Core/Src/main.o
 .debug_macro   0x0001728e      0x1db ./Core/Src/stm32f1xx_hal_msp.o
 .debug_macro   0x00017469      0x1e5 ./Core/Src/stm32f1xx_it.o
 .debug_macro   0x0001764e      0x1d1 ./Core/Src/system_stm32f1xx.o
 .debug_macro   0x0001781f      0x1f5 ./Drivers/STM32F1xx_HAL_Driver/Src/stm32f1xx_hal.o
 .debug_macro   0x00017a14      0x1ee ./Drivers/STM32F1xx_HAL_Driver/Src/stm32f1xx_hal_adc.o
 .debug_macro   0x00017c02      0x1e3 ./Drivers/STM32F1xx_HAL_Driver/Src/stm32f1xx_hal_adc_ex.o
 .debug_macro   0x00017de5      0x1d1 ./Drivers/STM32F1xx_HAL_Driver/Src/stm32f1xx_hal_cortex.o
 .debug_macro   0x00017fb6      0x1d1 ./Drivers/STM32F1xx_HAL_Driver/Src/stm32f1xx_hal_dma.o
 .debug_macro   0x00018187      0x23c ./Drivers/STM32F1xx_HAL_Driver/Src/stm32f1xx_hal_gpio.o
 .debug_macro   0x000183c3      0x1dd ./Drivers/STM32F1xx_HAL_Driver/Src/stm32f1xx_hal_pcd.o
 .debug_macro   0x000185a0      0x1d1 ./Drivers/STM32F1xx_HAL_Driver/Src/stm32f1xx_hal_pcd_ex.o
 .debug_macro   0x00018771      0x1e3 ./Drivers/STM32F1xx_HAL_Driver/Src/stm32f1xx_hal_rcc.o
 .debug_macro   0x00018954      0x1d1 ./Drivers/STM32F1xx_HAL_Driver/Src/stm32f1xx_hal_rcc_ex.o
 .debug_macro   0x00018b25      0x1d2 ./Drivers/STM32F1xx_HAL_Driver/Src/stm32f1xx_hal_tim.o
 .debug_macro   0x00018cf7      0x1d1 ./Drivers/STM32F1xx_HAL_Driver/Src/stm32f1xx_hal_tim_ex.o
 .debug_macro   0x00018ec8      0x1d1 ./Drivers/STM32F1xx_HAL_Driver/Src/stm32f1xx_ll_usb.o
 .debug_macro   0x00019099      0x36a ./Middlewares/ST/STM32_USB_Device_Library/Class/CDC/Src/usbd_cdc.o
 .debug_macro   0x00019403       0x9e ./Middlewares/ST/STM32_USB_Device_Library/Class/CDC/Src/usbd_cdc.o
 .debug_macro   0x000194a1      0x112 ./Middlewares/ST/STM32_USB_Device_Library/Class/CDC/Src/usbd_cdc.o
 .debug_macro   0x000195b3       0x56 ./Middlewares/ST/STM32_USB_Device_Library/Class/CDC/Src/usbd_cdc.o
 .debug_macro   0x00019609      0x351 ./Middlewares/ST/STM32_USB_Device_Library/Core/Src/usbd_core.o
 .debug_macro   0x0001995a      0x1ce ./Middlewares/ST/STM32_USB_Device_Library/Core/Src/usbd_core.o
 .debug_macro   0x00019b28      0x35b ./Middlewares/ST/STM32_USB_Device_Library/Core/Src/usbd_ctlreq.o
 .debug_macro   0x00019e83      0x357 ./Middlewares/ST/STM32_USB_Device_Library/Core/Src/usbd_ioreq.o
 .debug_macro   0x0001a1da      0x390 ./USB_DEVICE/App/usb_device.o
 .debug_macro   0x0001a56a       0x22 ./USB_DEVICE/App/usb_device.o
 .debug_macro   0x0001a58c       0x16 ./USB_DEVICE/App/usb_device.o
 .debug_macro   0x0001a5a2      0x375 ./USB_DEVICE/App/usbd_cdc_if.o
 .debug_macro   0x0001a917      0x38e ./USB_DEVICE/App/usbd_desc.o
 .debug_macro   0x0001aca5       0x1c ./USB_DEVICE/App/usbd_desc.o
 .debug_macro   0x0001acc1      0x374 ./USB_DEVICE/Target/usbd_conf.o

.debug_line     0x00000000    0x17259
 .debug_line    0x00000000      0xad2 ./Core/Src/adc.o
 .debug_line    0x00000ad2      0xc31 ./Core/Src/main.o
 .debug_line    0x00001703      0x80d ./Core/Src/stm32f1xx_hal_msp.o
 .debug_line    0x00001f10      0x883 ./Core/Src/stm32f1xx_it.o
 .debug_line    0x00002793      0x7db ./Core/Src/system_stm32f1xx.o
 .debug_line    0x00002f6e       0x78 ./Core/Startup/startup_stm32f103c8tx.o
 .debug_line    0x00002fe6      0xa0c ./Drivers/STM32F1xx_HAL_Driver/Src/stm32f1xx_hal.o
 .debug_line    0x000039f2     0x1031 ./Drivers/STM32F1xx_HAL_Driver/Src/stm32f1xx_hal_adc.o
 .debug_line    0x00004a23      0xd53 ./Drivers/STM32F1xx_HAL_Driver/Src/stm32f1xx_hal_adc_ex.o
 .debug_line    0x00005776      0xbd6 ./Drivers/STM32F1xx_HAL_Driver/Src/stm32f1xx_hal_cortex.o
 .debug_line    0x0000634c      0xe16 ./Drivers/STM32F1xx_HAL_Driver/Src/stm32f1xx_hal_dma.o
 .debug_line    0x00007162      0xa69 ./Drivers/STM32F1xx_HAL_Driver/Src/stm32f1xx_hal_gpio.o
 .debug_line    0x00007bcb     0x1391 ./Drivers/STM32F1xx_HAL_Driver/Src/stm32f1xx_hal_pcd.o
 .debug_line    0x00008f5c      0x7d6 ./Drivers/STM32F1xx_HAL_Driver/Src/stm32f1xx_hal_pcd_ex.o
 .debug_line    0x00009732      0xec5 ./Drivers/STM32F1xx_HAL_Driver/Src/stm32f1xx_hal_rcc.o
 .debug_line    0x0000a5f7      0x976 ./Drivers/STM32F1xx_HAL_Driver/Src/stm32f1xx_hal_rcc_ex.o
 .debug_line    0x0000af6d     0x34fa ./Drivers/STM32F1xx_HAL_Driver/Src/stm32f1xx_hal_tim.o
 .debug_line    0x0000e467     0x18d0 ./Drivers/STM32F1xx_HAL_Driver/Src/stm32f1xx_hal_tim_ex.o
 .debug_line    0x0000fd37     0x117c ./Drivers/STM32F1xx_HAL_Driver/Src/stm32f1xx_ll_usb.o
 .debug_line    0x00010eb3      0xd65 ./Middlewares/ST/STM32_USB_Device_Library/Class/CDC/Src/usbd_cdc.o
 .debug_line    0x00011c18      0xdba ./Middlewares/ST/STM32_USB_Device_Library/Core/Src/usbd_core.o
 .debug_line    0x000129d2     0x1004 ./Middlewares/ST/STM32_USB_Device_Library/Core/Src/usbd_ctlreq.o
 .debug_line    0x000139d6      0xa70 ./Middlewares/ST/STM32_USB_Device_Library/Core/Src/usbd_ioreq.o
 .debug_line    0x00014446      0xa93 ./USB_DEVICE/App/usb_device.o
 .debug_line    0x00014ed9      0xa78 ./USB_DEVICE/App/usbd_cdc_if.o
 .debug_line    0x00015951      0xae9 ./USB_DEVICE/App/usbd_desc.o
 .debug_line    0x0001643a      0xe1f ./USB_DEVICE/Target/usbd_conf.o

.debug_str      0x00000000    0x920c6
 .debug_str     0x00000000    0x920c6 ./Core/Src/adc.o
                              0x8dbfc (size before relaxing)
 .debug_str     0x000920c6    0x8e2a1 ./Core/Src/main.o
 .debug_str     0x000920c6    0x8994c ./Core/Src/stm32f1xx_hal_msp.o
 .debug_str     0x000920c6    0x8992b ./Core/Src/stm32f1xx_it.o
 .debug_str     0x000920c6    0x88f3d ./Core/Src/system_stm32f1xx.o
 .debug_str     0x000920c6       0x7f ./Core/Startup/startup_stm32f103c8tx.o
 .debug_str     0x000920c6    0x89670 ./Drivers/STM32F1xx_HAL_Driver/Src/stm32f1xx_hal.o
 .debug_str     0x000920c6    0x89621 ./Drivers/STM32F1xx_HAL_Driver/Src/stm32f1xx_hal_adc.o
 .debug_str     0x000920c6    0x895f1 ./Drivers/STM32F1xx_HAL_Driver/Src/stm32f1xx_hal_adc_ex.o
 .debug_str     0x000920c6    0x895bc ./Drivers/STM32F1xx_HAL_Driver/Src/stm32f1xx_hal_cortex.o
 .debug_str     0x000920c6    0x892e6 ./Drivers/STM32F1xx_HAL_Driver/Src/stm32f1xx_hal_dma.o
 .debug_str     0x000920c6    0x892c3 ./Drivers/STM32F1xx_HAL_Driver/Src/stm32f1xx_hal_gpio.o
 .debug_str     0x000920c6    0x8985a ./Drivers/STM32F1xx_HAL_Driver/Src/stm32f1xx_hal_pcd.o
 .debug_str     0x000920c6    0x893bc ./Drivers/STM32F1xx_HAL_Driver/Src/stm32f1xx_hal_pcd_ex.o
 .debug_str     0x000920c6    0x8936c ./Drivers/STM32F1xx_HAL_Driver/Src/stm32f1xx_hal_rcc.o
 .debug_str     0x000920c6    0x890bc ./Drivers/STM32F1xx_HAL_Driver/Src/stm32f1xx_hal_rcc_ex.o
 .debug_str     0x000920c6    0x8a36e ./Drivers/STM32F1xx_HAL_Driver/Src/stm32f1xx_hal_tim.o
 .debug_str     0x000920c6    0x89b7a ./Drivers/STM32F1xx_HAL_Driver/Src/stm32f1xx_hal_tim_ex.o
 .debug_str     0x000920c6    0x8940e ./Drivers/STM32F1xx_HAL_Driver/Src/stm32f1xx_ll_usb.o
 .debug_str     0x000920c6    0x8dea9 ./Middlewares/ST/STM32_USB_Device_Library/Class/CDC/Src/usbd_cdc.o
 .debug_str     0x000920c6    0x8d7d9 ./Middlewares/ST/STM32_USB_Device_Library/Core/Src/usbd_core.o
 .debug_str     0x000920c6    0x8d6f3 ./Middlewares/ST/STM32_USB_Device_Library/Core/Src/usbd_ctlreq.o
 .debug_str     0x000920c6    0x8d620 ./Middlewares/ST/STM32_USB_Device_Library/Core/Src/usbd_ioreq.o
 .debug_str     0x000920c6    0x8d9ef ./USB_DEVICE/App/usb_device.o
 .debug_str     0x000920c6    0x8d9d1 ./USB_DEVICE/App/usbd_cdc_if.o
 .debug_str     0x000920c6    0x8d558 ./USB_DEVICE/App/usbd_desc.o
 .debug_str     0x000920c6    0x8e436 ./USB_DEVICE/Target/usbd_conf.o

.comment        0x00000000       0x43
 .comment       0x00000000       0x43 ./Core/Src/adc.o
                                 0x44 (size before relaxing)
 .comment       0x00000043       0x44 ./Core/Src/main.o
 .comment       0x00000043       0x44 ./Core/Src/stm32f1xx_hal_msp.o
 .comment       0x00000043       0x44 ./Core/Src/stm32f1xx_it.o
 .comment       0x00000043       0x44 ./Core/Src/system_stm32f1xx.o
 .comment       0x00000043       0x44 ./Drivers/STM32F1xx_HAL_Driver/Src/stm32f1xx_hal.o
 .comment       0x00000043       0x44 ./Drivers/STM32F1xx_HAL_Driver/Src/stm32f1xx_hal_adc.o
 .comment       0x00000043       0x44 ./Drivers/STM32F1xx_HAL_Driver/Src/stm32f1xx_hal_adc_ex.o
 .comment       0x00000043       0x44 ./Drivers/STM32F1xx_HAL_Driver/Src/stm32f1xx_hal_cortex.o
 .comment       0x00000043       0x44 ./Drivers/STM32F1xx_HAL_Driver/Src/stm32f1xx_hal_dma.o
 .comment       0x00000043       0x44 ./Drivers/STM32F1xx_HAL_Driver/Src/stm32f1xx_hal_gpio.o
 .comment       0x00000043       0x44 ./Drivers/STM32F1xx_HAL_Driver/Src/stm32f1xx_hal_pcd.o
 .comment       0x00000043       0x44 ./Drivers/STM32F1xx_HAL_Driver/Src/stm32f1xx_hal_pcd_ex.o
 .comment       0x00000043       0x44 ./Drivers/STM32F1xx_HAL_Driver/Src/stm32f1xx_hal_rcc.o
 .comment       0x00000043       0x44 ./Drivers/STM32F1xx_HAL_Driver/Src/stm32f1xx_hal_rcc_ex.o
 .comment       0x00000043       0x44 ./Drivers/STM32F1xx_HAL_Driver/Src/stm32f1xx_hal_tim.o
 .comment       0x00000043       0x44 ./Drivers/STM32F1xx_HAL_Driver/Src/stm32f1xx_hal_tim_ex.o
 .comment       0x00000043       0x44 ./Drivers/STM32F1xx_HAL_Driver/Src/stm32f1xx_ll_usb.o
 .comment       0x00000043       0x44 ./Middlewares/ST/STM32_USB_Device_Library/Class/CDC/Src/usbd_cdc.o
 .comment       0x00000043       0x44 ./Middlewares/ST/STM32_USB_Device_Library/Core/Src/usbd_core.o
 .comment       0x00000043       0x44 ./Middlewares/ST/STM32_USB_Device_Library/Core/Src/usbd_ctlreq.o
 .comment       0x00000043       0x44 ./Middlewares/ST/STM32_USB_Device_Library/Core/Src/usbd_ioreq.o
 .comment       0x00000043       0x44 ./USB_DEVICE/App/usb_device.o
 .comment       0x00000043       0x44 ./USB_DEVICE/App/usbd_cdc_if.o
 .comment       0x00000043       0x44 ./USB_DEVICE/App/usbd_desc.o
 .comment       0x00000043       0x44 ./USB_DEVICE/Target/usbd_conf.o

.debug_frame    0x00000000     0x4a2c
 .debug_frame   0x00000000       0x9c ./Core/Src/adc.o
 .debug_frame   0x0000009c       0xfc ./Core/Src/main.o
 .debug_frame   0x00000198       0xc8 ./Core/Src/stm32f1xx_hal_msp.o
 .debug_frame   0x00000260      0x190 ./Core/Src/stm32f1xx_it.o
 .debug_frame   0x000003f0       0x58 ./Core/Src/system_stm32f1xx.o
 .debug_frame   0x00000448      0x334 ./Drivers/STM32F1xx_HAL_Driver/Src/stm32f1xx_hal.o
 .debug_frame   0x0000077c      0x40c ./Drivers/STM32F1xx_HAL_Driver/Src/stm32f1xx_hal_adc.o
 .debug_frame   0x00000b88      0x200 ./Drivers/STM32F1xx_HAL_Driver/Src/stm32f1xx_hal_adc_ex.o
 .debug_frame   0x00000d88      0x428 ./Drivers/STM32F1xx_HAL_Driver/Src/stm32f1xx_hal_cortex.o
 .debug_frame   0x000011b0      0x208 ./Drivers/STM32F1xx_HAL_Driver/Src/stm32f1xx_hal_dma.o
 .debug_frame   0x000013b8      0x14c ./Drivers/STM32F1xx_HAL_Driver/Src/stm32f1xx_hal_gpio.o
 .debug_frame   0x00001504      0x594 ./Drivers/STM32F1xx_HAL_Driver/Src/stm32f1xx_hal_pcd.o
 .debug_frame   0x00001a98       0xb0 ./Drivers/STM32F1xx_HAL_Driver/Src/stm32f1xx_hal_pcd_ex.o
 .debug_frame   0x00001b48      0x218 ./Drivers/STM32F1xx_HAL_Driver/Src/stm32f1xx_hal_rcc.o
 .debug_frame   0x00001d60       0x80 ./Drivers/STM32F1xx_HAL_Driver/Src/stm32f1xx_hal_rcc_ex.o
 .debug_frame   0x00001de0     0x11b8 ./Drivers/STM32F1xx_HAL_Driver/Src/stm32f1xx_hal_tim.o
 .debug_frame   0x00002f98      0x638 ./Drivers/STM32F1xx_HAL_Driver/Src/stm32f1xx_hal_tim_ex.o
 .debug_frame   0x000035d0      0x470 ./Drivers/STM32F1xx_HAL_Driver/Src/stm32f1xx_ll_usb.o
 .debug_frame   0x00003a40      0x248 ./Middlewares/ST/STM32_USB_Device_Library/Class/CDC/Src/usbd_cdc.o
 .debug_frame   0x00003c88      0x300 ./Middlewares/ST/STM32_USB_Device_Library/Core/Src/usbd_core.o
 .debug_frame   0x00003f88      0x218 ./Middlewares/ST/STM32_USB_Device_Library/Core/Src/usbd_ctlreq.o
 .debug_frame   0x000041a0      0x10c ./Middlewares/ST/STM32_USB_Device_Library/Core/Src/usbd_ioreq.o
 .debug_frame   0x000042ac       0x74 ./USB_DEVICE/App/usb_device.o
 .debug_frame   0x00004320       0xbc ./USB_DEVICE/App/usbd_cdc_if.o
 .debug_frame   0x000043dc      0x160 ./USB_DEVICE/App/usbd_desc.o
 .debug_frame   0x0000453c      0x4a4 ./USB_DEVICE/Target/usbd_conf.o
 .debug_frame   0x000049e0       0x20 C:/ST/STM32CubeIDE_1.18.1/STM32CubeIDE/plugins/com.st.stm32cube.ide.mcu.externaltools.gnu-tools-for-stm32.13.3.rel1.win32_1.0.0.202411081344/tools/bin/../lib/gcc/arm-none-eabi/13.3.1/../../../../arm-none-eabi/lib/thumb/v7-m/nofp\libc_nano.a(libc_a-memset.o)
 .debug_frame   0x00004a00       0x2c C:/ST/STM32CubeIDE_1.18.1/STM32CubeIDE/plugins/com.st.stm32cube.ide.mcu.externaltools.gnu-tools-for-stm32.13.3.rel1.win32_1.0.0.202411081344/tools/bin/../lib/gcc/arm-none-eabi/13.3.1/../../../../arm-none-eabi/lib/thumb/v7-m/nofp\libc_nano.a(libc_a-init.o)

.debug_line_str
                0x00000000       0x63
 .debug_line_str
                0x00000000       0x63 ./Core/Startup/startup_stm32f103c8tx.o
